Component: ARM Compiler 5.06 update 6 (build 750) Tool: armlink [4d35ed]

==============================================================================

Section Cross References

    main.o(i.BACKUP_IRQHandler) refers to mdr32f9qx_bkp.o(i.BKP_RTC_GetFlagStatus) for BKP_RTC_GetFlagStatus
    main.o(i.BACKUP_IRQHandler) refers to mdr32f9qx_bkp.o(i.BKP_RTC_ITConfig) for BKP_RTC_ITConfig
    main.o(i.U_Alarm_Get_DateTime_Stamp) refers to mdr32f9qx_bkp.o(i.BKP_RTC_WaitForUpdate) for BKP_RTC_WaitForUpdate
    main.o(i.U_Alarm_Get_DateTime_Stamp) refers to mdr32f9qx_bkp.o(i.BKP_RTC_GetCounter) for BKP_RTC_GetCounter
    main.o(i.U_Alarm_Set_DateTime_Stamp) refers to mdr32f9qx_bkp.o(i.BKP_RTC_WaitForUpdate) for BKP_RTC_WaitForUpdate
    main.o(i.U_Alarm_Set_DateTime_Stamp) refers to mdr32f9qx_bkp.o(i.BKP_RTC_SetCounter) for BKP_RTC_SetCounter
    main.o(i.main) refers to mdr32f9qx_rst_clk.o(i.RST_CLK_PCLKcmd) for RST_CLK_PCLKcmd
    main.o(i.main) refers to mlt_lcd.o(i.U_MLT_Init) for U_MLT_Init
    main.o(i.main) refers to mdr32f9qx_port.o(i.PORT_StructInit) for PORT_StructInit
    main.o(i.main) refers to mdr32f9qx_port.o(i.PORT_Init) for PORT_Init
    main.o(i.main) refers to mdr32f9qx_rst_clk.o(i.RST_CLK_LSEconfig) for RST_CLK_LSEconfig
    main.o(i.main) refers to mdr32f9qx_rst_clk.o(i.RST_CLK_LSEstatus) for RST_CLK_LSEstatus
    main.o(i.main) refers to mdr32f9qx_bkp.o(i.BKP_RTC_WaitForUpdate) for BKP_RTC_WaitForUpdate
    main.o(i.main) refers to mdr32f9qx_bkp.o(i.BKP_RTCclkSource) for BKP_RTCclkSource
    main.o(i.main) refers to mdr32f9qx_bkp.o(i.BKP_RTC_SetPrescaler) for BKP_RTC_SetPrescaler
    main.o(i.main) refers to mdr32f9qx_bkp.o(i.BKP_RTC_Calibration) for BKP_RTC_Calibration
    main.o(i.main) refers to mdr32f9qx_bkp.o(i.BKP_RTC_Enable) for BKP_RTC_Enable
    main.o(i.main) refers to main.o(i.U_Alarm_Set_DateTime_Stamp) for U_Alarm_Set_DateTime_Stamp
    main.o(i.main) refers to mdr32f9qx_port.o(i.PORT_ReadInputDataBit) for PORT_ReadInputDataBit
    main.o(i.main) refers to lcd.o(i.U_LCD_Task_Function) for U_LCD_Task_Function
    main.o(i.main) refers to main.o(i.U_Alarm_Get_DateTime_Stamp) for U_Alarm_Get_DateTime_Stamp
    main.o(i.main) refers to main.o(.data) for stop
    mlt_lcd.o(i.U_MLT_Clear_Chip) refers to mlt_lcd.o(i.U_MLT_Clear_Page) for U_MLT_Clear_Page
    mlt_lcd.o(i.U_MLT_Clear_Page) refers to mlt_lcd.o(i.U_MLT_Set_Page) for U_MLT_Set_Page
    mlt_lcd.o(i.U_MLT_Clear_Page) refers to mlt_lcd.o(i.U_MLT_Set_Address) for U_MLT_Set_Address
    mlt_lcd.o(i.U_MLT_Clear_Page) refers to mlt_lcd.o(i.U_MLT_Read_Status) for U_MLT_Read_Status
    mlt_lcd.o(i.U_MLT_Clear_Page) refers to mlt_lcd.o(i.U_MLT_Write_Data) for U_MLT_Write_Data
    mlt_lcd.o(i.U_MLT_Disp_Off) refers to mdr32f9qx_port.o(i.PORT_SetBits) for PORT_SetBits
    mlt_lcd.o(i.U_MLT_Disp_Off) refers to mdr32f9qx_port.o(i.PORT_ResetBits) for PORT_ResetBits
    mlt_lcd.o(i.U_MLT_Disp_Off) refers to mlt_lcd.o(i.U_MLT_Delay) for U_MLT_Delay
    mlt_lcd.o(i.U_MLT_Disp_Off) refers to mlt_lcd.o(i.U_MLT_Set_Data_Bits) for U_MLT_Set_Data_Bits
    mlt_lcd.o(i.U_MLT_Disp_On) refers to mdr32f9qx_port.o(i.PORT_SetBits) for PORT_SetBits
    mlt_lcd.o(i.U_MLT_Disp_On) refers to mdr32f9qx_port.o(i.PORT_ResetBits) for PORT_ResetBits
    mlt_lcd.o(i.U_MLT_Disp_On) refers to mlt_lcd.o(i.U_MLT_Delay) for U_MLT_Delay
    mlt_lcd.o(i.U_MLT_Disp_On) refers to mlt_lcd.o(i.U_MLT_Set_Data_Bits) for U_MLT_Set_Data_Bits
    mlt_lcd.o(i.U_MLT_Init) refers to mlt_lcd.o(i.U_MLT_Pin_Cfg) for U_MLT_Pin_Cfg
    mlt_lcd.o(i.U_MLT_Init) refers to mlt_lcd.o(i.U_MLT_LCD_Init) for U_MLT_LCD_Init
    mlt_lcd.o(i.U_MLT_Init) refers to mlt_lcd.o(i.U_MLT_Read_Status) for U_MLT_Read_Status
    mlt_lcd.o(i.U_MLT_Init) refers to mlt_lcd.o(i.U_MLT_Disp_On) for U_MLT_Disp_On
    mlt_lcd.o(i.U_MLT_Init) refers to mlt_lcd.o(i.U_MLT_Clear_Chip) for U_MLT_Clear_Chip
    mlt_lcd.o(i.U_MLT_Init) refers to mlt_lcd.o(i.U_MLT_Put_String) for U_MLT_Put_String
    mlt_lcd.o(i.U_MLT_Init) refers to mlt_lcd.o(i.U_MLT_Put_Image) for U_MLT_Put_Image
    mlt_lcd.o(i.U_MLT_Init) refers to mlt_lcd.o(.data) for init_string
    mlt_lcd.o(i.U_MLT_Init) refers to mlt_lcd.o(.constdata) for init_image
    mlt_lcd.o(i.U_MLT_LCD_Init) refers to mdr32f9qx_port.o(i.PORT_ResetBits) for PORT_ResetBits
    mlt_lcd.o(i.U_MLT_LCD_Init) refers to mlt_lcd.o(i.U_MLT_Delay) for U_MLT_Delay
    mlt_lcd.o(i.U_MLT_LCD_Init) refers to mdr32f9qx_port.o(i.PORT_SetBits) for PORT_SetBits
    mlt_lcd.o(i.U_MLT_LCD_Init) refers to mlt_lcd.o(i.U_MLT_Read_Status) for U_MLT_Read_Status
    mlt_lcd.o(i.U_MLT_Pin_Cfg) refers to mdr32f9qx_rst_clk.o(i.RST_CLK_PCLKcmd) for RST_CLK_PCLKcmd
    mlt_lcd.o(i.U_MLT_Pin_Cfg) refers to mdr32f9qx_port.o(i.PORT_Init) for PORT_Init
    mlt_lcd.o(i.U_MLT_Put_Char) refers to mlt_lcd.o(i.U_MLT_Set_Page) for U_MLT_Set_Page
    mlt_lcd.o(i.U_MLT_Put_Char) refers to mlt_lcd.o(i.U_MLT_Set_Address) for U_MLT_Set_Address
[...]
    ../clib/signal.c                         0x00000000   Number         0  defsig_cppl_inner.o ABSOLUTE
    ../clib/signal.c                         0x00000000   Number         0  defsig_abrt_inner.o ABSOLUTE
    ../clib/signal.c                         0x00000000   Number         0  defsig_rtmem_inner.o ABSOLUTE
    ../clib/signal.c                         0x00000000   Number         0  defsig_pvfn_inner.o ABSOLUTE
    ../clib/signal.c                         0x00000000   Number         0  defsig_rtred_inner.o ABSOLUTE
    ../clib/signal.c                         0x00000000   Number         0  defsig_rtmem_outer.o ABSOLUTE
    ../clib/signal.c                         0x00000000   Number         0  defsig_general.o ABSOLUTE
    ../clib/signal.c                         0x00000000   Number         0  defsig_stak_inner.o ABSOLUTE
    ../clib/signal.c                         0x00000000   Number         0  __raise.o ABSOLUTE
    ../clib/signal.s                         0x00000000   Number         0  defsig.o ABSOLUTE
    ../clib/stdlib.c                         0x00000000   Number         0  exit.o ABSOLUTE
    ../clib/string.c                         0x00000000   Number         0  strlen.o ABSOLUTE
    ../clib/time.c                           0x00000000   Number         0  localtime.o ABSOLUTE
    ../clib/time.c                           0x00000000   Number         0  strftime.o ABSOLUTE
    ../clib/time.c                           0x00000000   Number         0  _monlen.o ABSOLUTE
    ../clib/time.c                           0x00000000   Number         0  localtime_internal.o ABSOLUTE
    ../fplib/fpinit.s                        0x00000000   Number         0  fpinit.o ABSOLUTE
    ../fplib/istatus.s                       0x00000000   Number         0  istatus.o ABSOLUTE
    ../fplib/printf1.s                       0x00000000   Number         0  printf1.o ABSOLUTE
    ../fplib/printf2.s                       0x00000000   Number         0  printf2.o ABSOLUTE
    ../fplib/printf2a.s                      0x00000000   Number         0  printf2a.o ABSOLUTE
    ../fplib/printf2b.s                      0x00000000   Number         0  printf2b.o ABSOLUTE
    ../fplib/usenofp.s                       0x00000000   Number         0  usenofp.o ABSOLUTE
    ../mathlib/fpclassify.c                  0x00000000   Number         0  fpclassify.o ABSOLUTE
    C:\Users\Public\Packs\Keil\MDR1986BExx\1.5.2\Libraries\MDR32F9Qx_StdPeriph_Driver\src\MDR32F9Qx_adc.c 0x00000000   Number         0  mdr32f9qx_adc.o ABSOLUTE
    C:\Users\Public\Packs\Keil\MDR1986BExx\1.5.2\Libraries\MDR32F9Qx_StdPeriph_Driver\src\MDR32F9Qx_bkp.c 0x00000000   Number         0  mdr32f9qx_bkp.o ABSOLUTE
    C:\Users\Public\Packs\Keil\MDR1986BExx\1.5.2\Libraries\MDR32F9Qx_StdPeriph_Driver\src\MDR32F9Qx_can.c 0x00000000   Number         0  mdr32f9qx_can.o ABSOLUTE
    C:\Users\Public\Packs\Keil\MDR1986BExx\1.5.2\Libraries\MDR32F9Qx_StdPeriph_Driver\src\MDR32F9Qx_comp.c 0x00000000   Number         0  mdr32f9qx_comp.o ABSOLUTE
    C:\Users\Public\Packs\Keil\MDR1986BExx\1.5.2\Libraries\MDR32F9Qx_StdPeriph_Driver\src\MDR32F9Qx_dac.c 0x00000000   Number         0  mdr32f9qx_dac.o ABSOLUTE
    C:\Users\Public\Packs\Keil\MDR1986BExx\1.5.2\Libraries\MDR32F9Qx_StdPeriph_Driver\src\MDR32F9Qx_dma.c 0x00000000   Number         0  mdr32f9qx_dma.o ABSOLUTE
    C:\Users\Public\Packs\Keil\MDR1986BExx\1.5.2\Libraries\MDR32F9Qx_StdPeriph_Driver\src\MDR32F9Qx_ebc.c 0x00000000   Number         0  mdr32f9qx_ebc.o ABSOLUTE
    C:\Users\Public\Packs\Keil\MDR1986BExx\1.5.2\Libraries\MDR32F9Qx_StdPeriph_Driver\src\MDR32F9Qx_port.c 0x00000000   Number         0  mdr32f9qx_port.o ABSOLUTE
    C:\Users\Public\Packs\Keil\MDR1986BExx\1.5.2\Libraries\MDR32F9Qx_StdPeriph_Driver\src\MDR32F9Qx_power.c 0x00000000   Number         0  mdr32f9qx_power.o ABSOLUTE
    C:\Users\Public\Packs\Keil\MDR1986BExx\1.5.2\Libraries\MDR32F9Qx_StdPeriph_Driver\src\MDR32F9Qx_rst_clk.c 0x00000000   Number         0  mdr32f9qx_rst_clk.o ABSOLUTE
    C:\Users\Public\Packs\Keil\MDR1986BExx\1.5.2\Libraries\MDR32F9Qx_StdPeriph_Driver\src\MDR32F9Qx_timer.c 0x00000000   Number         0  mdr32f9qx_timer.o ABSOLUTE
    C:\Users\Public\Packs\Keil\MDR1986BExx\1.5.2\Libraries\MDR32F9Qx_StdPeriph_Driver\src\MDR32F9Qx_uart.c 0x00000000   Number         0  mdr32f9qx_uart.o ABSOLUTE
    C:\\Users\\Public\\Packs\\Keil\\MDR1986BExx\\1.5.2\\Libraries\\MDR32F9Qx_StdPeriph_Driver\\src\\MDR32F9Qx_adc.c 0x00000000   Number         0  mdr32f9qx_adc.o ABSOLUTE
    C:\\Users\\Public\\Packs\\Keil\\MDR1986BExx\\1.5.2\\Libraries\\MDR32F9Qx_StdPeriph_Driver\\src\\MDR32F9Qx_bkp.c 0x00000000   Number         0  mdr32f9qx_bkp.o ABSOLUTE
    C:\\Users\\Public\\Packs\\Keil\\MDR1986BExx\\1.5.2\\Libraries\\MDR32F9Qx_StdPeriph_Driver\\src\\MDR32F9Qx_can.c 0x00000000   Number         0  mdr32f9qx_can.o ABSOLUTE
    C:\\Users\\Public\\Packs\\Keil\\MDR1986BExx\\1.5.2\\Libraries\\MDR32F9Qx_StdPeriph_Driver\\src\\MDR32F9Qx_comp.c 0x00000000   Number         0  mdr32f9qx_comp.o ABSOLUTE
    C:\\Users\\Public\\Packs\\Keil\\MDR1986BExx\\1.5.2\\Libraries\\MDR32F9Qx_StdPeriph_Driver\\src\\MDR32F9Qx_dac.c 0x00000000   Number         0  mdr32f9qx_dac.o ABSOLUTE
    C:\\Users\\Public\\Packs\\Keil\\MDR1986BExx\\1.5.2\\Libraries\\MDR32F9Qx_StdPeriph_Driver\\src\\MDR32F9Qx_dma.c 0x00000000   Number         0  mdr32f9qx_dma.o ABSOLUTE
    C:\\Users\\Public\\Packs\\Keil\\MDR1986BExx\\1.5.2\\Libraries\\MDR32F9Qx_StdPeriph_Driver\\src\\MDR32F9Qx_ebc.c 0x00000000   Number         0  mdr32f9qx_ebc.o ABSOLUTE
    C:\\Users\\Public\\Packs\\Keil\\MDR1986BExx\\1.5.2\\Libraries\\MDR32F9Qx_StdPeriph_Driver\\src\\MDR32F9Qx_port.c 0x00000000   Number         0  mdr32f9qx_port.o ABSOLUTE
    C:\\Users\\Public\\Packs\\Keil\\MDR1986BExx\\1.5.2\\Libraries\\MDR32F9Qx_StdPeriph_Driver\\src\\MDR32F9Qx_power.c 0x00000000   Number         0  mdr32f9qx_power.o ABSOLUTE
    C:\\Users\\Public\\Packs\\Keil\\MDR1986BExx\\1.5.2\\Libraries\\MDR32F9Qx_StdPeriph_Driver\\src\\MDR32F9Qx_rst_clk.c 0x00000000   Number         0  mdr32f9qx_rst_clk.o ABSOLUTE
    C:\\Users\\Public\\Packs\\Keil\\MDR1986BExx\\1.5.2\\Libraries\\MDR32F9Qx_StdPeriph_Driver\\src\\MDR32F9Qx_timer.c 0x00000000   Number         0  mdr32f9qx_timer.o ABSOLUTE
    C:\\Users\\Public\\Packs\\Keil\\MDR1986BExx\\1.5.2\\Libraries\\MDR32F9Qx_StdPeriph_Driver\\src\\MDR32F9Qx_uart.c 0x00000000   Number         0  mdr32f9qx_uart.o ABSOLUTE
    RTE\Device\MDR1986BE92\startup_MDR32F9Qx.s 0x00000000   Number         0  startup_mdr32f9qx.o ABSOLUTE
    RTE\Device\MDR1986BE92\system_MDR32F9Qx.c 0x00000000   Number         0  system_mdr32f9qx.o ABSOLUTE
    RTE\\Device\\MDR1986BE92\\system_MDR32F9Qx.c 0x00000000   Number         0  system_mdr32f9qx.o ABSOLUTE
    dc.s                                     0x00000000   Number         0  dc.o ABSOLUTE
    user\\lcd.c                              0x00000000   Number         0  lcd.o ABSOLUTE
    user\\main.c                             0x00000000   Number         0  main.o ABSOLUTE
    user\\mlt_lcd.c                          0x00000000   Number         0  mlt_lcd.o ABSOLUTE
    user\\rst.c                              0x00000000   Number         0  rst.o ABSOLUTE
    user\lcd.c                               0x00000000   Number         0  lcd.o ABSOLUTE
    user\main.c                              0x00000000   Number         0  main.o ABSOLUTE
    user\mlt_lcd.c                           0x00000000   Number         0  mlt_lcd.o ABSOLUTE
    user\rst.c                               0x00000000   Number         0  rst.o ABSOLUTE
    RESET                                    0x08000000   Section      192  startup_mdr32f9qx.o(RESET)
    !!!main                                  0x080000c0   Section        8  __main.o(!!!main)
    !!!scatter                               0x080000c8   Section       52  __scatter.o(!!!scatter)
    !!handler_copy                           0x080000fc   Section       26  __scatter_copy.o(!!handler_copy)
    !!handler_zi                             0x08000118   Section       28  __scatter_zi.o(!!handler_zi)
    .ARM.Collect$$_printf_percent$$00000000  0x08000134   Section        0  _printf_percent.o(.ARM.Collect$$_printf_percent$$00000000)
    .ARM.Collect$$_printf_percent$$00000001  0x08000134   Section        6  _printf_n.o(.ARM.Collect$$_printf_percent$$00000001)
    .ARM.Collect$$_printf_percent$$00000002  0x0800013a   Section        6  _printf_p.o(.ARM.Collect$$_printf_percent$$00000002)
    .ARM.Collect$$_printf_percent$$00000003  0x08000140   Section        6  _printf_f.o(.ARM.Collect$$_printf_percent$$00000003)
    .ARM.Collect$$_printf_percent$$00000004  0x08000146   Section        6  _printf_e.o(.ARM.Collect$$_printf_percent$$00000004)
    .ARM.Collect$$_printf_percent$$00000005  0x0800014c   Section        6  _printf_g.o(.ARM.Collect$$_printf_percent$$00000005)
    .ARM.Collect$$_printf_percent$$00000006  0x08000152   Section        6  _printf_a.o(.ARM.Collect$$_printf_percent$$00000006)
    .ARM.Collect$$_printf_percent$$00000007  0x08000158   Section       10  _printf_ll.o(.ARM.Collect$$_printf_percent$$00000007)
    .ARM.Collect$$_printf_percent$$00000008  0x08000162   Section        6  _printf_i.o(.ARM.Collect$$_printf_percent$$00000008)
    .ARM.Collect$$_printf_percent$$00000009  0x08000168   Section        6  _printf_d.o(.ARM.Collect$$_printf_percent$$00000009)
    .ARM.Collect$$_printf_percent$$0000000A  0x0800016e   Section        6  _printf_u.o(.ARM.Collect$$_printf_percent$$0000000A)
    .ARM.Collect$$_printf_percent$$0000000B  0x08000174   Section        6  _printf_o.o(.ARM.Collect$$_printf_percent$$0000000B)
    .ARM.Collect$$_printf_percent$$0000000C  0x0800017a   Section        6  _printf_x.o(.ARM.Collect$$_printf_percent$$0000000C)
    .ARM.Collect$$_printf_percent$$0000000D  0x08000180   Section        6  _printf_lli.o(.ARM.Collect$$_printf_percent$$0000000D)
    .ARM.Collect$$_printf_percent$$0000000E  0x08000186   Section        6  _printf_lld.o(.ARM.Collect$$_printf_percent$$0000000E)
    .ARM.Collect$$_printf_percent$$0000000F  0x0800018c   Section        6  _printf_llu.o(.ARM.Collect$$_printf_percent$$0000000F)
    .ARM.Collect$$_printf_percent$$00000010  0x08000192   Section        6  _printf_llo.o(.ARM.Collect$$_printf_percent$$00000010)
    .ARM.Collect$$_printf_percent$$00000011  0x08000198   Section        6  _printf_llx.o(.ARM.Collect$$_printf_percent$$00000011)
    .ARM.Collect$$_printf_percent$$00000012  0x0800019e   Section       10  _printf_l.o(.ARM.Collect$$_printf_percent$$00000012)
    .ARM.Collect$$_printf_percent$$00000013  0x080001a8   Section        6  _printf_c.o(.ARM.Collect$$_printf_percent$$00000013)
    .ARM.Collect$$_printf_percent$$00000014  0x080001ae   Section        6  _printf_s.o(.ARM.Collect$$_printf_percent$$00000014)
    .ARM.Collect$$_printf_percent$$00000015  0x080001b4   Section        6  _printf_lc.o(.ARM.Collect$$_printf_percent$$00000015)
    .ARM.Collect$$_printf_percent$$00000016  0x080001ba   Section        6  _printf_ls.o(.ARM.Collect$$_printf_percent$$00000016)
    .ARM.Collect$$_printf_percent$$00000017  0x080001c0   Section        4  _printf_percent_end.o(.ARM.Collect$$_printf_percent$$00000017)
    .ARM.Collect$$libinit$$00000000          0x080001c4   Section        2  libinit.o(.ARM.Collect$$libinit$$00000000)
    .ARM.Collect$$libinit$$00000002          0x080001c6   Section        0  libinit2.o(.ARM.Collect$$libinit$$00000002)
    .ARM.Collect$$libinit$$00000004          0x080001c6   Section        0  libinit2.o(.ARM.Collect$$libinit$$00000004)
    .ARM.Collect$$libinit$$0000000A          0x080001c6   Section        0  libinit2.o(.ARM.Collect$$libinit$$0000000A)
    .ARM.Collect$$libinit$$0000000C          0x080001c6   Section        0  libinit2.o(.ARM.Collect$$libinit$$0000000C)
    .ARM.Collect$$libinit$$0000000E          0x080001c6   Section        0  libinit2.o(.ARM.Collect$$libinit$$0000000E)
    .ARM.Collect$$libinit$$0000000F          0x080001c6   Section        6  libinit2.o(.ARM.Collect$$libinit$$0000000F)
    .ARM.Collect$$libinit$$00000011          0x080001cc   Section        0  libinit2.o(.ARM.Collect$$libinit$$00000011)
    .ARM.Collect$$libinit$$00000012          0x080001cc   Section       12  libinit2.o(.ARM.Collect$$libinit$$00000012)
    .ARM.Collect$$libinit$$00000013          0x080001d8   Section        0  libinit2.o(.ARM.Collect$$libinit$$00000013)
    .ARM.Collect$$libinit$$00000015          0x080001d8   Section        0  libinit2.o(.ARM.Collect$$libinit$$00000015)
    .ARM.Collect$$libinit$$00000016          0x080001d8   Section       10  libinit2.o(.ARM.Collect$$libinit$$00000016)
    .ARM.Collect$$libinit$$00000017          0x080001e2   Section        0  libinit2.o(.ARM.Collect$$libinit$$00000017)
    .ARM.Collect$$libinit$$00000018          0x080001e2   Section       10  libinit2.o(.ARM.Collect$$libinit$$00000018)
    .ARM.Collect$$libinit$$00000019          0x080001ec   Section        0  libinit2.o(.ARM.Collect$$libinit$$00000019)
    .ARM.Collect$$libinit$$0000001B          0x080001ec   Section        0  libinit2.o(.ARM.Collect$$libinit$$0000001B)
    .ARM.Collect$$libinit$$0000001D          0x080001ec   Section        0  libinit2.o(.ARM.Collect$$libinit$$0000001D)
    .ARM.Collect$$libinit$$0000001F          0x080001ec   Section        0  libinit2.o(.ARM.Collect$$libinit$$0000001F)
    .ARM.Collect$$libinit$$00000021          0x080001ec   Section        0  libinit2.o(.ARM.Collect$$libinit$$00000021)
    .ARM.Collect$$libinit$$00000023          0x080001ec   Section        0  libinit2.o(.ARM.Collect$$libinit$$00000023)
    .ARM.Collect$$libinit$$00000025          0x080001ec   Section        0  libinit2.o(.ARM.Collect$$libinit$$00000025)
    .ARM.Collect$$libinit$$0000002C          0x080001ec   Section        0  libinit2.o(.ARM.Collect$$libinit$$0000002C)
    .ARM.Collect$$libinit$$0000002E          0x080001ec   Section        0  libinit2.o(.ARM.Collect$$libinit$$0000002E)
    .ARM.Collect$$libinit$$00000030          0x080001ec   Section        0  libinit2.o(.ARM.Collect$$libinit$$00000030)
    .ARM.Collect$$libinit$$00000032          0x080001ec   Section        0  libinit2.o(.ARM.Collect$$libinit$$00000032)
    .ARM.Collect$$libinit$$00000033          0x080001ec   Section        2  libinit2.o(.ARM.Collect$$libinit$$00000033)
    .ARM.Collect$$libshutdown$$00000000      0x080001ee   Section        2  libshutdown.o(.ARM.Collect$$libshutdown$$00000000)
    .ARM.Collect$$libshutdown$$00000002      0x080001f0   Section        0  libshutdown2.o(.ARM.Collect$$libshutdown$$00000002)
    .ARM.Collect$$libshutdown$$00000004      0x080001f0   Section        0  libshutdown2.o(.ARM.Collect$$libshutdown$$00000004)
    .ARM.Collect$$libshutdown$$00000007      0x080001f0   Section        0  libshutdown2.o(.ARM.Collect$$libshutdown$$00000007)
    .ARM.Collect$$libshutdown$$0000000A      0x080001f0   Section        0  libshutdown2.o(.ARM.Collect$$libshutdown$$0000000A)
    .ARM.Collect$$libshutdown$$0000000C      0x080001f0   Section        0  libshutdown2.o(.ARM.Collect$$libshutdown$$0000000C)
    .ARM.Collect$$libshutdown$$0000000F      0x080001f0   Section        0  libshutdown2.o(.ARM.Collect$$libshutdown$$0000000F)
    .ARM.Collect$$libshutdown$$00000010      0x080001f0   Section        2  libshutdown2.o(.ARM.Collect$$libshutdown$$00000010)
    .ARM.Collect$$rtentry$$00000000          0x080001f2   Section        0  __rtentry.o(.ARM.Collect$$rtentry$$00000000)
    .ARM.Collect$$rtentry$$00000002          0x080001f2   Section        0  __rtentry2.o(.ARM.Collect$$rtentry$$00000002)
    .ARM.Collect$$rtentry$$00000004          0x080001f2   Section        6  __rtentry4.o(.ARM.Collect$$rtentry$$00000004)
    .ARM.Collect$$rtentry$$00000009          0x080001f8   Section        0  __rtentry2.o(.ARM.Collect$$rtentry$$00000009)
    .ARM.Collect$$rtentry$$0000000A          0x080001f8   Section        4  __rtentry2.o(.ARM.Collect$$rtentry$$0000000A)
    .ARM.Collect$$rtentry$$0000000C          0x080001fc   Section        0  __rtentry2.o(.ARM.Collect$$rtentry$$0000000C)
    .ARM.Collect$$rtentry$$0000000D          0x080001fc   Section        8  __rtentry2.o(.ARM.Collect$$rtentry$$0000000D)
    .ARM.Collect$$rtexit$$00000000           0x08000204   Section        2  rtexit.o(.ARM.Collect$$rtexit$$00000000)
    .ARM.Collect$$rtexit$$00000002           0x08000206   Section        0  rtexit2.o(.ARM.Collect$$rtexit$$00000002)
    .ARM.Collect$$rtexit$$00000003           0x08000206   Section        4  rtexit2.o(.ARM.Collect$$rtexit$$00000003)
    .ARM.Collect$$rtexit$$00000004           0x0800020a   Section        6  rtexit2.o(.ARM.Collect$$rtexit$$00000004)
    .text                                    0x08000210   Section       64  startup_mdr32f9qx.o(.text)
    .text                                    0x08000250   Section        0  __2sprintf.o(.text)
    .text                                    0x0800027c   Section        0  _printf_str.o(.text)
    .text                                    0x080002d0   Section        0  _printf_dec.o(.text)
    .text                                    0x08000348   Section        0  __printf_flags_ss_wp.o(.text)
    .text                                    0x080004d0   Section        0  localtime.o(.text)
    .text                                    0x080004dc   Section        0  strftime.o(.text)
    _isoweek                                 0x080004dd   Thumb Code    64  strftime.o(.text)
    _findweek                                0x08000797   Thumb Code    24  strftime.o(.text)
    _yeardays                                0x080007af   Thumb Code    42  strftime.o(.text)
    _weekbasedyear                           0x080007d9   Thumb Code    24  strftime.o(.text)
    .text                                    0x0800083c   Section        0  heapauxi.o(.text)
    .text                                    0x08000844   Section        8  rt_locale_intlibspace.o(.text)
    .text                                    0x0800084c   Section        0  sprintf.o(.text)
    .text                                    0x08000878   Section        0  _printf_intcommon.o(.text)
    .text                                    0x0800092c   Section        0  _printf_char_common.o(.text)
    _printf_input_char                       0x0800092d   Thumb Code    10  _printf_char_common.o(.text)
    .text                                    0x0800095c   Section        0  _sputc.o(.text)
    .text                                    0x08000966   Section        0  _printf_char.o(.text)
    .text                                    0x08000994   Section        0  localtime_internal.o(.text)
    .text                                    0x08000a4c   Section        8  libspace.o(.text)
    .text                                    0x08000a54   Section        0  _printf_pad.o(.text)
    .text                                    0x08000aa2   Section        0  _printf_truncate.o(.text)
    .text                                    0x08000ac6   Section        0  _printf_charcount.o(.text)
    .text                                    0x08000af0   Section        0  _printf_wctomb.o(.text)
    .text                                    0x08000bac   Section        0  _printf_longlong_dec.o(.text)
    .text                                    0x08000c28   Section        0  _printf_oct_int_ll.o(.text)
    _printf_longlong_oct_internal            0x08000c29   Thumb Code     0  _printf_oct_int_ll.o(.text)
    .text                                    0x08000c98   Section        0  _printf_hex_int_ll_ptr.o(.text)
    _printf_hex_common                       0x08000c99   Thumb Code     0  _printf_hex_int_ll_ptr.o(.text)
    .text                                    0x08000d2c   Section       78  rt_memclr_w.o(.text)
    .text                                    0x08000d7c   Section      128  strcmpv7m.o(.text)
    .text                                    0x08000dfc   Section       74  sys_stackheap_outer.o(.text)
    .text                                    0x08000e46   Section      138  lludiv10.o(.text)
    .text                                    0x08000ed0   Section        0  _printf_fp_dec.o(.text)
    _fp_digits                               0x08000ed3   Thumb Code   432  _printf_fp_dec.o(.text)
    .text                                    0x080012f0   Section        0  _printf_fp_hex.o(.text)
    .text                                    0x080015ec   Section        0  _printf_wchar.o(.text)
    .text                                    0x08001618   Section        0  _wcrtomb.o(.text)
    .text                                    0x08001658   Section        0  exit.o(.text)
    .text                                    0x0800166c   Section       16  rt_ctype_table.o(.text)
    .text                                    0x0800167c   Section        0  _printf_fp_infnan.o(.text)
    .text                                    0x080016fc   Section        0  bigflt0.o(.text)
    .text                                    0x080017e0   Section        0  sys_exit.o(.text)
    .text                                    0x080017ec   Section        2  use_no_semi.o(.text)
    .text                                    0x080017ee   Section        0  indicate_semi.o(.text)
    CL$$btod_d2e                             0x080017ee   Section       62  btod.o(CL$$btod_d2e)
    CL$$btod_d2e_denorm_low                  0x0800182c   Section       70  btod.o(CL$$btod_d2e_denorm_low)
    CL$$btod_d2e_norm_op1                    0x08001872   Section       96  btod.o(CL$$btod_d2e_norm_op1)
    CL$$btod_div_common                      0x080018d2   Section      824  btod.o(CL$$btod_div_common)
    CL$$btod_e2e                             0x08001c0a   Section      220  btod.o(CL$$btod_e2e)
    CL$$btod_ediv                            0x08001ce6   Section       42  btod.o(CL$$btod_ediv)
    CL$$btod_emul                            0x08001d10   Section       42  btod.o(CL$$btod_emul)
    CL$$btod_mult_common                     0x08001d3a   Section      580  btod.o(CL$$btod_mult_common)
    i.BACKUP_IRQHandler                      0x08001f7e   Section        0  main.o(i.BACKUP_IRQHandler)
    i.BKP_RTC_Calibration                    0x08001f94   Section        0  mdr32f9qx_bkp.o(i.BKP_RTC_Calibration)
    i.BKP_RTC_Enable                         0x08001fb0   Section        0  mdr32f9qx_bkp.o(i.BKP_RTC_Enable)
    i.BKP_RTC_GetCounter                     0x08001fbc   Section        0  mdr32f9qx_bkp.o(i.BKP_RTC_GetCounter)
    i.BKP_RTC_GetFlagStatus                  0x08001fc8   Section        0  mdr32f9qx_bkp.o(i.BKP_RTC_GetFlagStatus)
    i.BKP_RTC_ITConfig                       0x08001fe0   Section        0  mdr32f9qx_bkp.o(i.BKP_RTC_ITConfig)
    i.BKP_RTC_SetCounter                     0x08002000   Section        0  mdr32f9qx_bkp.o(i.BKP_RTC_SetCounter)
    i.BKP_RTC_SetPrescaler                   0x0800200c   Section        0  mdr32f9qx_bkp.o(i.BKP_RTC_SetPrescaler)
    i.BKP_RTC_WaitForUpdate                  0x08002018   Section        0  mdr32f9qx_bkp.o(i.BKP_RTC_WaitForUpdate)
    i.BKP_RTCclkSource                       0x08002028   Section        0  mdr32f9qx_bkp.o(i.BKP_RTCclkSource)
    i.PORT_Init                              0x08002040   Section        0  mdr32f9qx_port.o(i.PORT_Init)
    i.PORT_ReadInputDataBit                  0x08002208   Section        0  mdr32f9qx_port.o(i.PORT_ReadInputDataBit)
    i.PORT_ResetBits                         0x08002218   Section        0  mdr32f9qx_port.o(i.PORT_ResetBits)
    i.PORT_SetBits                           0x08002234   Section        0  mdr32f9qx_port.o(i.PORT_SetBits)
    i.PORT_StructInit                        0x08002250   Section        0  mdr32f9qx_port.o(i.PORT_StructInit)
    i.RST_CLK_GetFlagStatus                  0x0800226c   Section        0  mdr32f9qx_rst_clk.o(i.RST_CLK_GetFlagStatus)
    i.RST_CLK_LSEconfig                      0x080022a0   Section        0  mdr32f9qx_rst_clk.o(i.RST_CLK_LSEconfig)
    i.RST_CLK_LSEstatus                      0x080022dc   Section        0  mdr32f9qx_rst_clk.o(i.RST_CLK_LSEstatus)
    i.RST_CLK_PCLKcmd                        0x08002310   Section        0  mdr32f9qx_rst_clk.o(i.RST_CLK_PCLKcmd)
    i.SystemCoreClockUpdate                  0x08002330   Section        0  system_mdr32f9qx.o(i.SystemCoreClockUpdate)
    i.SystemInit                             0x080023c0   Section        0  system_mdr32f9qx.o(i.SystemInit)
    i.U_Alarm_Get_DateTime_Stamp             0x08002400   Section        0  main.o(i.U_Alarm_Get_DateTime_Stamp)
    i.U_Alarm_Set_DateTime_Stamp             0x0800240c   Section        0  main.o(i.U_Alarm_Set_DateTime_Stamp)
    i.U_LCD_Task_Function                    0x0800241c   Section        0  lcd.o(i.U_LCD_Task_Function)
    i.U_MLT_Clear_Chip                       0x08002484   Section        0  mlt_lcd.o(i.U_MLT_Clear_Chip)
    i.U_MLT_Clear_Page                       0x0800249c   Section        0  mlt_lcd.o(i.U_MLT_Clear_Page)
    i.U_MLT_Delay                            0x080024d6   Section        0  mlt_lcd.o(i.U_MLT_Delay)
    i.U_MLT_Disp_On                          0x080024e8   Section        0  mlt_lcd.o(i.U_MLT_Disp_On)
    i.U_MLT_Init                             0x080025b4   Section        0  mlt_lcd.o(i.U_MLT_Init)
    i.U_MLT_LCD_Init                         0x0800261c   Section        0  mlt_lcd.o(i.U_MLT_LCD_Init)
    i.U_MLT_Pin_Cfg                          0x08002660   Section        0  mlt_lcd.o(i.U_MLT_Pin_Cfg)
    i.U_MLT_Put_Char                         0x080026ec   Section        0  mlt_lcd.o(i.U_MLT_Put_Char)
    i.U_MLT_Put_Image                        0x08002770   Section        0  mlt_lcd.o(i.U_MLT_Put_Image)
    i.U_MLT_Put_String                       0x080027fc   Section        0  mlt_lcd.o(i.U_MLT_Put_String)
    i.U_MLT_Read_Status                      0x08002834   Section        0  mlt_lcd.o(i.U_MLT_Read_Status)
    i.U_MLT_Set_Address                      0x080028fc   Section        0  mlt_lcd.o(i.U_MLT_Set_Address)
    i.U_MLT_Set_Data_Bits                    0x080029cc   Section        0  mlt_lcd.o(i.U_MLT_Set_Data_Bits)
    i.U_MLT_Set_Page                         0x08002a10   Section        0  mlt_lcd.o(i.U_MLT_Set_Page)
    i.U_MLT_Write_Data                       0x08002ae0   Section        0  mlt_lcd.o(i.U_MLT_Write_Data)
    i.__ARM_fpclassify                       0x08002bb0   Section        0  fpclassify.o(i.__ARM_fpclassify)
    i._is_digit                              0x08002bd8   Section        0  __printf_wp.o(i._is_digit)
    i.main                                   0x08002be8   Section        0  main.o(i.main)
    locale$$code                             0x08002db4   Section       44  lc_time_c.o(locale$$code)
    locale$$code                             0x08002de0   Section       44  lc_numeric_c.o(locale$$code)
    locale$$code                             0x08002e0c   Section       44  lc_ctype_c.o(locale$$code)
    x$fpl$printf1                            0x08002e38   Section        4  printf1.o(x$fpl$printf1)
    x$fpl$printf2                            0x08002e3c   Section        4  printf2.o(x$fpl$printf2)
    .constdata                               0x08002e40   Section     1824  mlt_lcd.o(.constdata)
    x$fpl$usenofp                            0x08002e40   Section        0  usenofp.o(x$fpl$usenofp)
    MLT_Font                                 0x08002e40   Data        1792  mlt_lcd.o(.constdata)
    init_image                               0x08003540   Data          32  mlt_lcd.o(.constdata)
    .constdata                               0x08003560   Section       17  __printf_flags_ss_wp.o(.constdata)
    maptable                                 0x08003560   Data          17  __printf_flags_ss_wp.o(.constdata)
    .constdata                               0x08003574   Section        8  _printf_wctomb.o(.constdata)
    initial_mbstate                          0x08003574   Data           8  _printf_wctomb.o(.constdata)
    .constdata                               0x0800357c   Section       40  _printf_hex_int_ll_ptr.o(.constdata)
    uc_hextab                                0x0800357c   Data          20  _printf_hex_int_ll_ptr.o(.constdata)
    lc_hextab                                0x08003590   Data          20  _printf_hex_int_ll_ptr.o(.constdata)
    .constdata                               0x080035a4   Section       12  _monlen.o(.constdata)
    .constdata                               0x080035b0   Section       38  _printf_fp_hex.o(.constdata)
    lc_hextab                                0x080035b0   Data          19  _printf_fp_hex.o(.constdata)
    uc_hextab                                0x080035c3   Data          19  _printf_fp_hex.o(.constdata)
    .constdata                               0x080035d8   Section      148  bigflt0.o(.constdata)
    tenpwrs_x                                0x080035d8   Data          60  bigflt0.o(.constdata)
    tenpwrs_i                                0x08003614   Data          64  bigflt0.o(.constdata)
    .conststring                             0x0800366c   Section       16  mlt_lcd.o(.conststring)
    locale$$data                             0x0800369c   Section      384  lc_time_c.o(locale$$data)
    __lctime_c_name                          0x080036a0   Data           2  lc_time_c.o(locale$$data)
    __lctime_c_start                         0x080036a8   Data           0  lc_time_c.o(locale$$data)
    __lctime_c_week_short                    0x080036e0   Data           0  lc_time_c.o(locale$$data)
    __lctime_c_week_long                     0x080036fc   Data           0  lc_time_c.o(locale$$data)
    __lctime_c_month_short                   0x08003741   Data           0  lc_time_c.o(locale$$data)
    __lctime_c_month_long                    0x08003771   Data           0  lc_time_c.o(locale$$data)
    __lctime_c_am                            0x080037e8   Data           0  lc_time_c.o(locale$$data)
    __lctime_c_pm                            0x080037eb   Data           0  lc_time_c.o(locale$$data)
    __lctime_c_datetime                      0x080037ee   Data           0  lc_time_c.o(locale$$data)
    __lctime_c_date                          0x080037fd   Data           0  lc_time_c.o(locale$$data)
    __lctime_c_time                          0x08003806   Data           0  lc_time_c.o(locale$$data)
    __lctime_c_12hrtime                      0x0800380f   Data           0  lc_time_c.o(locale$$data)
    locale$$data                             0x0800381c   Section       28  lc_numeric_c.o(locale$$data)
    __lctime_c_end                           0x0800381c   Data           0  lc_time_c.o(locale$$data)
    __lcnum_c_name                           0x08003820   Data           2  lc_numeric_c.o(locale$$data)
    __lcnum_c_start                          0x08003828   Data           0  lc_numeric_c.o(locale$$data)
    __lcnum_c_point                          0x08003834   Data           0  lc_numeric_c.o(locale$$data)
    __lcnum_c_thousands                      0x08003836   Data           0  lc_numeric_c.o(locale$$data)
    __lcnum_c_grouping                       0x08003837   Data           0  lc_numeric_c.o(locale$$data)
    locale$$data                             0x08003838   Section      272  lc_ctype_c.o(locale$$data)
    __lcnum_c_end                            0x08003838   Data           0  lc_numeric_c.o(locale$$data)
    __lcctype_c_name                         0x0800383c   Data           2  lc_ctype_c.o(locale$$data)
    __lcctype_c_start                        0x08003844   Data           0  lc_ctype_c.o(locale$$data)
    __lcctype_c_end                          0x08003948   Data           0  lc_ctype_c.o(locale$$data)
    .data                                    0x20000000   Section       16  main.o(.data)
    .data                                    0x20000010   Section        4  mlt_lcd.o(.data)
    init_string                              0x20000010   Data           4  mlt_lcd.o(.data)
    .data                                    0x20000014   Section        4  system_mdr32f9qx.o(.data)
    .bss                                     0x20000018   Section       44  localtime.o(.bss)
    _tms                                     0x20000018   Data          44  localtime.o(.bss)
    .bss                                     0x20000044   Section       96  libspace.o(.bss)
    HEAP                                     0x200000a8   Section      512  startup_mdr32f9qx.o(HEAP)
    Heap_Mem                                 0x200000a8   Data         512  startup_mdr32f9qx.o(HEAP)
    STACK                                    0x200002a8   Section     1024  startup_mdr32f9qx.o(STACK)
    Stack_Mem                                0x200002a8   Data        1024  startup_mdr32f9qx.o(STACK)
    __initial_sp                             0x200006a8   Data           0  startup_mdr32f9qx.o(STACK)

    Global Symbols

    Symbol Name                              Value     Ov Type        Size  Object(Section)

    BuildAttributes$$THM_ISAv4$P$D$K$B$S$PE$A:L22UL41UL21$X:L11$S22US41US21$IEEE1$IW$USESV6$~STKCKD$USESV7$~SHL$OTIME$ROPI$IEEEJ$EBA8$UX$STANDARDLIB$REQ8$PRES8$EABIv2 0x00000000   Number         0  anon$$obj.o ABSOLUTE
    __ARM_use_no_argv                        0x00000000   Number         0  main.o ABSOLUTE
    _printf_flags                            0x00000000   Number         0  printf_stubs.o ABSOLUTE
    _printf_return_value                     0x00000000   Number         0  printf_stubs.o ABSOLUTE
    _printf_sizespec                         0x00000000   Number         0  printf_stubs.o ABSOLUTE
    _printf_widthprec                        0x00000000   Number         0  printf_stubs.o ABSOLUTE
    __ARM_exceptions_init                     - Undefined Weak Reference
    __alloca_initialize                       - Undefined Weak Reference
    __arm_preinit_                            - Undefined Weak Reference
    __cpp_initialize__aeabi_                  - Undefined Weak Reference
    __cxa_finalize                            - Undefined Weak Reference
    __sigvec_lookup                           - Undefined Weak Reference
    _atexit_init                              - Undefined Weak Reference
    _call_atexit_fns                          - Undefined Weak Reference
    _clock_init                               - Undefined Weak Reference
    _fp_trap_init                             - Undefined Weak Reference
    _fp_trap_shutdown                         - Undefined Weak Reference
    _get_lc_collate                           - Undefined Weak Reference
    _get_lc_monetary                          - Undefined Weak Reference
    _getenv_init                              - Undefined Weak Reference
    _handle_redirection                       - Undefined Weak Reference
    _init_alloc                               - Undefined Weak Reference
    _init_user_alloc                          - Undefined Weak Reference
    _initio                                   - Undefined Weak Reference
    _printf_mbtowc                            - Undefined Weak Reference
    _printf_wc                                - Undefined Weak Reference
    _rand_init                                - Undefined Weak Reference
    _signal_finish                            - Undefined Weak Reference
    _signal_init                              - Undefined Weak Reference
    _terminate_alloc                          - Undefined Weak Reference
    _terminate_user_alloc                     - Undefined Weak Reference
    _terminateio                              - Undefined Weak Reference
    __Vectors_Size                           0x000000c0   Number         0  startup_mdr32f9qx.o ABSOLUTE
    __Vectors                                0x08000000   Data           4  startup_mdr32f9qx.o(RESET)
    __Vectors_End                            0x080000c0   Data           0  startup_mdr32f9qx.o(RESET)
    __main                                   0x080000c1   Thumb Code     8  __main.o(!!!main)
    __scatterload                            0x080000c9   Thumb Code     0  __scatter.o(!!!scatter)
    __scatterload_rt2                        0x080000c9   Thumb Code    44  __scatter.o(!!!scatter)
    __scatterload_rt2_thumb_only             0x080000c9   Thumb Code     0  __scatter.o(!!!scatter)
    __scatterload_null                       0x080000d7   Thumb Code     0  __scatter.o(!!!scatter)
    __scatterload_copy                       0x080000fd   Thumb Code    26  __scatter_copy.o(!!handler_copy)
    __scatterload_zeroinit                   0x08000119   Thumb Code    28  __scatter_zi.o(!!handler_zi)
    _printf_n                                0x08000135   Thumb Code     0  _printf_n.o(.ARM.Collect$$_printf_percent$$00000001)
    _printf_percent                          0x08000135   Thumb Code     0  _printf_percent.o(.ARM.Collect$$_printf_percent$$00000000)
    _printf_p                                0x0800013b   Thumb Code     0  _printf_p.o(.ARM.Collect$$_printf_percent$$00000002)
    _printf_f                                0x08000141   Thumb Code     0  _printf_f.o(.ARM.Collect$$_printf_percent$$00000003)
    _printf_e                                0x08000147   Thumb Code     0  _printf_e.o(.ARM.Collect$$_printf_percent$$00000004)
    _printf_g                                0x0800014d   Thumb Code     0  _printf_g.o(.ARM.Collect$$_printf_percent$$00000005)
    _printf_a                                0x08000153   Thumb Code     0  _printf_a.o(.ARM.Collect$$_printf_percent$$00000006)
    _printf_ll                               0x08000159   Thumb Code     0  _printf_ll.o(.ARM.Collect$$_printf_percent$$00000007)
    _printf_i                                0x08000163   Thumb Code     0  _printf_i.o(.ARM.Collect$$_printf_percent$$00000008)
    _printf_d                                0x08000169   Thumb Code     0  _printf_d.o(.ARM.Collect$$_printf_percent$$00000009)
    _printf_u                                0x0800016f   Thumb Code     0  _printf_u.o(.ARM.Collect$$_printf_percent$$0000000A)
    _printf_o                                0x08000175   Thumb Code     0  _printf_o.o(.ARM.Collect$$_printf_percent$$0000000B)
    _printf_x                                0x0800017b   Thumb Code     0  _printf_x.o(.ARM.Collect$$_printf_percent$$0000000C)
    _printf_lli                              0x08000181   Thumb Code     0  _printf_lli.o(.ARM.Collect$$_printf_percent$$0000000D)
    _printf_lld                              0x08000187   Thumb Code     0  _printf_lld.o(.ARM.Collect$$_printf_percent$$0000000E)
    _printf_llu                              0x0800018d   Thumb Code     0  _printf_llu.o(.ARM.Collect$$_printf_percent$$0000000F)
    _printf_llo                              0x08000193   Thumb Code     0  _printf_llo.o(.ARM.Collect$$_printf_percent$$00000010)
    _printf_llx                              0x08000199   Thumb Code     0  _printf_llx.o(.ARM.Collect$$_printf_percent$$00000011)
    _printf_l                                0x0800019f   Thumb Code     0  _printf_l.o(.ARM.Collect$$_printf_percent$$00000012)
    _printf_c                                0x080001a9   Thumb Code     0  _printf_c.o(.ARM.Collect$$_printf_percent$$00000013)
    _printf_s                                0x080001af   Thumb Code     0  _printf_s.o(.ARM.Collect$$_printf_percent$$00000014)
    _printf_lc                               0x080001b5   Thumb Code     0  _printf_lc.o(.ARM.Collect$$_printf_percent$$00000015)
    _printf_ls                               0x080001bb   Thumb Code     0  _printf_ls.o(.ARM.Collect$$_printf_percent$$00000016)
    _printf_percent_end                      0x080001c1   Thumb Code     0  _printf_percent_end.o(.ARM.Collect$$_printf_percent$$00000017)
    __rt_lib_init                            0x080001c5   Thumb Code     0  libinit.o(.ARM.Collect$$libinit$$00000000)
    __rt_lib_init_fp_1                       0x080001c7   Thumb Code     0  libinit2.o(.ARM.Collect$$libinit$$00000002)
    __rt_lib_init_heap_1                     0x080001c7   Thumb Code     0  libinit2.o(.ARM.Collect$$libinit$$0000000A)
    __rt_lib_init_lc_common                  0x080001c7   Thumb Code     0  libinit2.o(.ARM.Collect$$libinit$$0000000F)
    __rt_lib_init_preinit_1                  0x080001c7   Thumb Code     0  libinit2.o(.ARM.Collect$$libinit$$00000004)
    __rt_lib_init_rand_1                     0x080001c7   Thumb Code     0  libinit2.o(.ARM.Collect$$libinit$$0000000E)
    __rt_lib_init_user_alloc_1               0x080001c7   Thumb Code     0  libinit2.o(.ARM.Collect$$libinit$$0000000C)
    __rt_lib_init_lc_collate_1               0x080001cd   Thumb Code     0  libinit2.o(.ARM.Collect$$libinit$$00000011)
    __rt_lib_init_lc_ctype_2                 0x080001cd   Thumb Code     0  libinit2.o(.ARM.Collect$$libinit$$00000012)
    __rt_lib_init_lc_ctype_1                 0x080001d9   Thumb Code     0  libinit2.o(.ARM.Collect$$libinit$$00000013)
    __rt_lib_init_lc_monetary_1              0x080001d9   Thumb Code     0  libinit2.o(.ARM.Collect$$libinit$$00000015)
    __rt_lib_init_lc_numeric_2               0x080001d9   Thumb Code     0  libinit2.o(.ARM.Collect$$libinit$$00000016)
    __rt_lib_init_lc_numeric_1               0x080001e3   Thumb Code     0  libinit2.o(.ARM.Collect$$libinit$$00000017)
    __rt_lib_init_lc_time_2                  0x080001e3   Thumb Code     0  libinit2.o(.ARM.Collect$$libinit$$00000018)
    __rt_lib_init_alloca_1                   0x080001ed   Thumb Code     0  libinit2.o(.ARM.Collect$$libinit$$0000002E)
    __rt_lib_init_argv_1                     0x080001ed   Thumb Code     0  libinit2.o(.ARM.Collect$$libinit$$0000002C)
    __rt_lib_init_atexit_1                   0x080001ed   Thumb Code     0  libinit2.o(.ARM.Collect$$libinit$$0000001B)
    __rt_lib_init_clock_1                    0x080001ed   Thumb Code     0  libinit2.o(.ARM.Collect$$libinit$$00000021)
    __rt_lib_init_cpp_1                      0x080001ed   Thumb Code     0  libinit2.o(.ARM.Collect$$libinit$$00000032)
    __rt_lib_init_exceptions_1               0x080001ed   Thumb Code     0  libinit2.o(.ARM.Collect$$libinit$$00000030)
    __rt_lib_init_fp_trap_1                  0x080001ed   Thumb Code     0  libinit2.o(.ARM.Collect$$libinit$$0000001F)
    __rt_lib_init_getenv_1                   0x080001ed   Thumb Code     0  libinit2.o(.ARM.Collect$$libinit$$00000023)
    __rt_lib_init_lc_time_1                  0x080001ed   Thumb Code     0  libinit2.o(.ARM.Collect$$libinit$$00000019)
    __rt_lib_init_return                     0x080001ed   Thumb Code     0  libinit2.o(.ARM.Collect$$libinit$$00000033)
    __rt_lib_init_signal_1                   0x080001ed   Thumb Code     0  libinit2.o(.ARM.Collect$$libinit$$0000001D)
    __rt_lib_init_stdio_1                    0x080001ed   Thumb Code     0  libinit2.o(.ARM.Collect$$libinit$$00000025)
    __rt_lib_shutdown                        0x080001ef   Thumb Code     0  libshutdown.o(.ARM.Collect$$libshutdown$$00000000)
    __rt_lib_shutdown_cpp_1                  0x080001f1   Thumb Code     0  libshutdown2.o(.ARM.Collect$$libshutdown$$00000002)
    __rt_lib_shutdown_fp_trap_1              0x080001f1   Thumb Code     0  libshutdown2.o(.ARM.Collect$$libshutdown$$00000007)
    __rt_lib_shutdown_heap_1                 0x080001f1   Thumb Code     0  libshutdown2.o(.ARM.Collect$$libshutdown$$0000000F)
    __rt_lib_shutdown_return                 0x080001f1   Thumb Code     0  libshutdown2.o(.ARM.Collect$$libshutdown$$00000010)
    __rt_lib_shutdown_signal_1               0x080001f1   Thumb Code     0  libshutdown2.o(.ARM.Collect$$libshutdown$$0000000A)
    __rt_lib_shutdown_stdio_1                0x080001f1   Thumb Code     0  libshutdown2.o(.ARM.Collect$$libshutdown$$00000004)
    __rt_lib_shutdown_user_alloc_1           0x080001f1   Thumb Code     0  libshutdown2.o(.ARM.Collect$$libshutdown$$0000000C)
    __rt_entry                               0x080001f3   Thumb Code     0  __rtentry.o(.ARM.Collect$$rtentry$$00000000)
    __rt_entry_presh_1                       0x080001f3   Thumb Code     0  __rtentry2.o(.ARM.Collect$$rtentry$$00000002)
    __rt_entry_sh                            0x080001f3   Thumb Code     0  __rtentry4.o(.ARM.Collect$$rtentry$$00000004)
    __rt_entry_li                            0x080001f9   Thumb Code     0  __rtentry2.o(.ARM.Collect$$rtentry$$0000000A)
    __rt_entry_postsh_1                      0x080001f9   Thumb Code     0  __rtentry2.o(.ARM.Collect$$rtentry$$00000009)
    __rt_entry_main                          0x080001fd   Thumb Code     0  __rtentry2.o(.ARM.Collect$$rtentry$$0000000D)
    __rt_entry_postli_1                      0x080001fd   Thumb Code     0  __rtentry2.o(.ARM.Collect$$rtentry$$0000000C)
    __rt_exit                                0x08000205   Thumb Code     0  rtexit.o(.ARM.Collect$$rtexit$$00000000)
    __rt_exit_ls                             0x08000207   Thumb Code     0  rtexit2.o(.ARM.Collect$$rtexit$$00000003)
    __rt_exit_prels_1                        0x08000207   Thumb Code     0  rtexit2.o(.ARM.Collect$$rtexit$$00000002)
    __rt_exit_exit                           0x0800020b   Thumb Code     0  rtexit2.o(.ARM.Collect$$rtexit$$00000004)
    Reset_Handler                            0x08000211   Thumb Code     8  startup_mdr32f9qx.o(.text)
    NMI_Handler                              0x08000219   Thumb Code     2  startup_mdr32f9qx.o(.text)
    HardFault_Handler                        0x0800021b   Thumb Code     2  startup_mdr32f9qx.o(.text)
    MemManage_Handler                        0x0800021d   Thumb Code     2  startup_mdr32f9qx.o(.text)
    BusFault_Handler                         0x0800021f   Thumb Code     2  startup_mdr32f9qx.o(.text)
    UsageFault_Handler                       0x08000221   Thumb Code     2  startup_mdr32f9qx.o(.text)
    SVC_Handler                              0x08000223   Thumb Code     2  startup_mdr32f9qx.o(.text)
    DebugMon_Handler                         0x08000225   Thumb Code     2  startup_mdr32f9qx.o(.text)
    PendSV_Handler                           0x08000227   Thumb Code     2  startup_mdr32f9qx.o(.text)
    SysTick_Handler                          0x08000229   Thumb Code     2  startup_mdr32f9qx.o(.text)
    ADC_IRQHandler                           0x0800022b   Thumb Code     0  startup_mdr32f9qx.o(.text)
    CAN1_IRQHandler                          0x0800022b   Thumb Code     0  startup_mdr32f9qx.o(.text)
    CAN2_IRQHandler                          0x0800022b   Thumb Code     0  startup_mdr32f9qx.o(.text)
    COMPARATOR_IRQHandler                    0x0800022b   Thumb Code     0  startup_mdr32f9qx.o(.text)
    DMA_IRQHandler                           0x0800022b   Thumb Code     0  startup_mdr32f9qx.o(.text)
    EXT_INT1_IRQHandler                      0x0800022b   Thumb Code     0  startup_mdr32f9qx.o(.text)
    EXT_INT2_IRQHandler                      0x0800022b   Thumb Code     0  startup_mdr32f9qx.o(.text)
    EXT_INT3_IRQHandler                      0x0800022b   Thumb Code     0  startup_mdr32f9qx.o(.text)
    EXT_INT4_IRQHandler                      0x0800022b   Thumb Code     0  startup_mdr32f9qx.o(.text)
    I2C_IRQHandler                           0x0800022b   Thumb Code     0  startup_mdr32f9qx.o(.text)
    POWER_IRQHandler                         0x0800022b   Thumb Code     0  startup_mdr32f9qx.o(.text)
    SSP1_IRQHandler                          0x0800022b   Thumb Code     0  startup_mdr32f9qx.o(.text)
    SSP2_IRQHandler                          0x0800022b   Thumb Code     0  startup_mdr32f9qx.o(.text)
    Timer1_IRQHandler                        0x0800022b   Thumb Code     0  startup_mdr32f9qx.o(.text)
    Timer2_IRQHandler                        0x0800022b   Thumb Code     0  startup_mdr32f9qx.o(.text)
    Timer3_IRQHandler                        0x0800022b   Thumb Code     0  startup_mdr32f9qx.o(.text)
    UART1_IRQHandler                         0x0800022b   Thumb Code     0  startup_mdr32f9qx.o(.text)
    UART2_IRQHandler                         0x0800022b   Thumb Code     0  startup_mdr32f9qx.o(.text)
    USB_IRQHandler                           0x0800022b   Thumb Code     0  startup_mdr32f9qx.o(.text)
    WWDG_IRQHandler                          0x0800022b   Thumb Code     0  startup_mdr32f9qx.o(.text)
    __user_initial_stackheap                 0x0800022d   Thumb Code     0  startup_mdr32f9qx.o(.text)
    __2sprintf                               0x08000251   Thumb Code    38  __2sprintf.o(.text)
    _printf_str                              0x0800027d   Thumb Code    82  _printf_str.o(.text)
    _printf_int_dec                          0x080002d1   Thumb Code   104  _printf_dec.o(.text)
    __printf                                 0x08000349   Thumb Code   388  __printf_flags_ss_wp.o(.text)
    localtime                                0x080004d1   Thumb Code     6  localtime.o(.text)
    strftime                                 0x0800051d   Thumb Code   634  strftime.o(.text)
    __use_two_region_memory                  0x0800083d   Thumb Code     2  heapauxi.o(.text)
    __rt_heap_escrow$2region                 0x0800083f   Thumb Code     2  heapauxi.o(.text)
    __rt_heap_expand$2region                 0x08000841   Thumb Code     2  heapauxi.o(.text)
    __rt_locale                              0x08000845   Thumb Code     8  rt_locale_intlibspace.o(.text)
    sprintf                                  0x0800084d   Thumb Code    38  sprintf.o(.text)
    _printf_int_common                       0x08000879   Thumb Code   178  _printf_intcommon.o(.text)
    _printf_char_common                      0x08000937   Thumb Code    32  _printf_char_common.o(.text)
    _sputc                                   0x0800095d   Thumb Code    10  _sputc.o(.text)
    _printf_cs_common                        0x08000967   Thumb Code    20  _printf_char.o(.text)
    _printf_char                             0x0800097b   Thumb Code    16  _printf_char.o(.text)
    _printf_string                           0x0800098b   Thumb Code     8  _printf_char.o(.text)
    _localtime_r                             0x08000995   Thumb Code   178  localtime_internal.o(.text)
    _n$localtime_r                           0x08000995   Thumb Code     0  localtime_internal.o(.text)
    __user_libspace                          0x08000a4d   Thumb Code     8  libspace.o(.text)
    __user_perproc_libspace                  0x08000a4d   Thumb Code     0  libspace.o(.text)
    __user_perthread_libspace                0x08000a4d   Thumb Code     0  libspace.o(.text)
    _printf_pre_padding                      0x08000a55   Thumb Code    44  _printf_pad.o(.text)
    _printf_post_padding                     0x08000a81   Thumb Code    34  _printf_pad.o(.text)
    _printf_truncate_signed                  0x08000aa3   Thumb Code    18  _printf_truncate.o(.text)
    _printf_truncate_unsigned                0x08000ab5   Thumb Code    18  _printf_truncate.o(.text)
    _printf_charcount                        0x08000ac7   Thumb Code    40  _printf_charcount.o(.text)
    _printf_wctomb                           0x08000af1   Thumb Code   182  _printf_wctomb.o(.text)
    _printf_longlong_dec                     0x08000bad   Thumb Code   108  _printf_longlong_dec.o(.text)
    _printf_longlong_oct                     0x08000c29   Thumb Code    66  _printf_oct_int_ll.o(.text)
    _printf_int_oct                          0x08000c6b   Thumb Code    24  _printf_oct_int_ll.o(.text)
    _printf_ll_oct                           0x08000c83   Thumb Code    12  _printf_oct_int_ll.o(.text)
    _printf_longlong_hex                     0x08000c99   Thumb Code    86  _printf_hex_int_ll_ptr.o(.text)
    _printf_int_hex                          0x08000cef   Thumb Code    28  _printf_hex_int_ll_ptr.o(.text)
    _printf_ll_hex                           0x08000d0b   Thumb Code    12  _printf_hex_int_ll_ptr.o(.text)
    _printf_hex_ptr                          0x08000d17   Thumb Code    18  _printf_hex_int_ll_ptr.o(.text)
    __aeabi_memclr4                          0x08000d2d   Thumb Code     0  rt_memclr_w.o(.text)
    __aeabi_memclr8                          0x08000d2d   Thumb Code     0  rt_memclr_w.o(.text)
    __rt_memclr_w                            0x08000d2d   Thumb Code    78  rt_memclr_w.o(.text)
    _memset_w                                0x08000d31   Thumb Code     0  rt_memclr_w.o(.text)
    strcmp                                   0x08000d7d   Thumb Code   128  strcmpv7m.o(.text)
    __user_setup_stackheap                   0x08000dfd   Thumb Code    74  sys_stackheap_outer.o(.text)
    _ll_udiv10                               0x08000e47   Thumb Code   138  lludiv10.o(.text)
    __lib_sel_fp_printf                      0x08000ed1   Thumb Code     2  _printf_fp_dec.o(.text)
    _printf_fp_dec_real                      0x08001083   Thumb Code   620  _printf_fp_dec.o(.text)
    _printf_fp_hex_real                      0x080012f1   Thumb Code   756  _printf_fp_hex.o(.text)
    _printf_lcs_common                       0x080015ed   Thumb Code    20  _printf_wchar.o(.text)
    _printf_wchar                            0x08001601   Thumb Code    16  _printf_wchar.o(.text)
    _printf_wstring                          0x08001611   Thumb Code     8  _printf_wchar.o(.text)
    _wcrtomb                                 0x08001619   Thumb Code    64  _wcrtomb.o(.text)
    exit                                     0x08001659   Thumb Code    18  exit.o(.text)
    __rt_ctype_table                         0x0800166d   Thumb Code    16  rt_ctype_table.o(.text)
    _printf_fp_infnan                        0x0800167d   Thumb Code   112  _printf_fp_infnan.o(.text)
    _btod_etento                             0x080016fd   Thumb Code   224  bigflt0.o(.text)
    _sys_exit                                0x080017e1   Thumb Code     8  sys_exit.o(.text)
    __I$use$semihosting                      0x080017ed   Thumb Code     0  use_no_semi.o(.text)
    __use_no_semihosting_swi                 0x080017ed   Thumb Code     2  use_no_semi.o(.text)
    __semihosting_library_function           0x080017ef   Thumb Code     0  indicate_semi.o(.text)
    _btod_d2e                                0x080017ef   Thumb Code    62  btod.o(CL$$btod_d2e)
    _d2e_denorm_low                          0x0800182d   Thumb Code    70  btod.o(CL$$btod_d2e_denorm_low)
    _d2e_norm_op1                            0x08001873   Thumb Code    96  btod.o(CL$$btod_d2e_norm_op1)
    __btod_div_common                        0x080018d3   Thumb Code   696  btod.o(CL$$btod_div_common)
    _e2e                                     0x08001c0b   Thumb Code   220  btod.o(CL$$btod_e2e)
    _btod_ediv                               0x08001ce7   Thumb Code    42  btod.o(CL$$btod_ediv)
    _btod_emul                               0x08001d11   Thumb Code    42  btod.o(CL$$btod_emul)
    __btod_mult_common                       0x08001d3b   Thumb Code   580  btod.o(CL$$btod_mult_common)
    BACKUP_IRQHandler                        0x08001f7f   Thumb Code    22  main.o(i.BACKUP_IRQHandler)
    BKP_RTC_Calibration                      0x08001f95   Thumb Code    24  mdr32f9qx_bkp.o(i.BKP_RTC_Calibration)
    BKP_RTC_Enable                           0x08001fb1   Thumb Code     6  mdr32f9qx_bkp.o(i.BKP_RTC_Enable)
    BKP_RTC_GetCounter                       0x08001fbd   Thumb Code     6  mdr32f9qx_bkp.o(i.BKP_RTC_GetCounter)
    BKP_RTC_GetFlagStatus                    0x08001fc9   Thumb Code    18  mdr32f9qx_bkp.o(i.BKP_RTC_GetFlagStatus)
    BKP_RTC_ITConfig                         0x08001fe1   Thumb Code    26  mdr32f9qx_bkp.o(i.BKP_RTC_ITConfig)
    BKP_RTC_SetCounter                       0x08002001   Thumb Code     6  mdr32f9qx_bkp.o(i.BKP_RTC_SetCounter)
    BKP_RTC_SetPrescaler                     0x0800200d   Thumb Code     6  mdr32f9qx_bkp.o(i.BKP_RTC_SetPrescaler)
    BKP_RTC_WaitForUpdate                    0x08002019   Thumb Code    12  mdr32f9qx_bkp.o(i.BKP_RTC_WaitForUpdate)
    BKP_RTCclkSource                         0x08002029   Thumb Code    20  mdr32f9qx_bkp.o(i.BKP_RTCclkSource)
    PORT_Init                                0x08002041   Thumb Code   450  mdr32f9qx_port.o(i.PORT_Init)
    PORT_ReadInputDataBit                    0x08002209   Thumb Code    16  mdr32f9qx_port.o(i.PORT_ReadInputDataBit)
    PORT_ResetBits                           0x08002219   Thumb Code    22  mdr32f9qx_port.o(i.PORT_ResetBits)
    PORT_SetBits                             0x08002235   Thumb Code    22  mdr32f9qx_port.o(i.PORT_SetBits)
    PORT_StructInit                          0x08002251   Thumb Code    28  mdr32f9qx_port.o(i.PORT_StructInit)
    RST_CLK_GetFlagStatus                    0x0800226d   Thumb Code    42  mdr32f9qx_rst_clk.o(i.RST_CLK_GetFlagStatus)
    RST_CLK_LSEconfig                        0x080022a1   Thumb Code    56  mdr32f9qx_rst_clk.o(i.RST_CLK_LSEconfig)
    RST_CLK_LSEstatus                        0x080022dd   Thumb Code    52  mdr32f9qx_rst_clk.o(i.RST_CLK_LSEstatus)
    RST_CLK_PCLKcmd                          0x08002311   Thumb Code    26  mdr32f9qx_rst_clk.o(i.RST_CLK_PCLKcmd)
    SystemCoreClockUpdate                    0x08002331   Thumb Code   130  system_mdr32f9qx.o(i.SystemCoreClockUpdate)
    SystemInit                               0x080023c1   Thumb Code    54  system_mdr32f9qx.o(i.SystemInit)
    U_Alarm_Get_DateTime_Stamp               0x08002401   Thumb Code    12  main.o(i.U_Alarm_Get_DateTime_Stamp)
    U_Alarm_Set_DateTime_Stamp               0x0800240d   Thumb Code    16  main.o(i.U_Alarm_Set_DateTime_Stamp)
    U_LCD_Task_Function                      0x0800241d   Thumb Code    80  lcd.o(i.U_LCD_Task_Function)
    U_MLT_Clear_Chip                         0x08002485   Thumb Code    24  mlt_lcd.o(i.U_MLT_Clear_Chip)
    U_MLT_Clear_Page                         0x0800249d   Thumb Code    58  mlt_lcd.o(i.U_MLT_Clear_Page)
    U_MLT_Delay                              0x080024d7   Thumb Code    18  mlt_lcd.o(i.U_MLT_Delay)
    U_MLT_Disp_On                            0x080024e9   Thumb Code   188  mlt_lcd.o(i.U_MLT_Disp_On)
    U_MLT_Init                               0x080025b5   Thumb Code    94  mlt_lcd.o(i.U_MLT_Init)
    U_MLT_LCD_Init                           0x0800261d   Thumb Code    64  mlt_lcd.o(i.U_MLT_LCD_Init)
    U_MLT_Pin_Cfg                            0x08002661   Thumb Code   120  mlt_lcd.o(i.U_MLT_Pin_Cfg)
    U_MLT_Put_Char                           0x080026ed   Thumb Code   128  mlt_lcd.o(i.U_MLT_Put_Char)
    U_MLT_Put_Image                          0x08002771   Thumb Code   140  mlt_lcd.o(i.U_MLT_Put_Image)
    U_MLT_Put_String                         0x080027fd   Thumb Code    54  mlt_lcd.o(i.U_MLT_Put_String)
    U_MLT_Read_Status                        0x08002835   Thumb Code   182  mlt_lcd.o(i.U_MLT_Read_Status)
    U_MLT_Set_Address                        0x080028fd   Thumb Code   192  mlt_lcd.o(i.U_MLT_Set_Address)
    U_MLT_Set_Data_Bits                      0x080029cd   Thumb Code    60  mlt_lcd.o(i.U_MLT_Set_Data_Bits)
    U_MLT_Set_Page                           0x08002a11   Thumb Code   192  mlt_lcd.o(i.U_MLT_Set_Page)
    U_MLT_Write_Data                         0x08002ae1   Thumb Code   190  mlt_lcd.o(i.U_MLT_Write_Data)
    __ARM_fpclassify                         0x08002bb1   Thumb Code    40  fpclassify.o(i.__ARM_fpclassify)
    _is_digit                                0x08002bd9   Thumb Code    14  __printf_wp.o(i._is_digit)
    main                                     0x08002be9   Thumb Code   424  main.o(i.main)
    _get_lc_time                             0x08002db5   Thumb Code    44  lc_time_c.o(locale$$code)
    _get_lc_numeric                          0x08002de1   Thumb Code    44  lc_numeric_c.o(locale$$code)
    _get_lc_ctype                            0x08002e0d   Thumb Code    44  lc_ctype_c.o(locale$$code)
    _printf_fp_dec                           0x08002e39   Thumb Code     4  printf1.o(x$fpl$printf1)
    _printf_fp_hex                           0x08002e3d   Thumb Code     4  printf2.o(x$fpl$printf2)
    __I$use$fp                               0x08002e40   Number         0  usenofp.o(x$fpl$usenofp)
    _monlen                                  0x080035a4   Data          12  _monlen.o(.constdata)
    Region$$Table$$Base                      0x0800367c   Number         0  anon$$obj.o(Region$$Table)
    Region$$Table$$Limit                     0x0800369c   Number         0  anon$$obj.o(Region$$Table)
    __ctype                                  0x08003845   Data           0  lc_ctype_c.o(locale$$data)
    i                                        0x20000000   Data           4  main.o(.data)
    stop                                     0x20000004   Data           2  main.o(.data)
    start                                    0x20000006   Data           2  main.o(.data)
    current                                  0x20000008   Data           4  main.o(.data)
    alarm                                    0x2000000c   Data           4  main.o(.data)
    SystemCoreClock                          0x20000014   Data           4  system_mdr32f9qx.o(.data)
    __libspace_start                         0x20000044   Data          96  libspace.o(.bss)
    __temporary_stack_top$libspace           0x200000a4   Data           0  libspace.o(.bss)



==============================================================================

Memory Map of the image

  Image Entry point : 0x08000211

  Load Region LR_1 (Base: 0x08000000, Size: 0x00003960, Max: 0xffffffff, ABSOLUTE)

    Execution Region ER_RO (Exec base: 0x08000000, Load base: 0x08000000, Size: 0x00003948, Max: 0xffffffff, ABSOLUTE)

    Exec Addr    Load Addr    Size         Type   Attr      Idx    E Section Name        Object

    0x08000000   0x08000000   0x000000c0   Data   RO          289    RESET               startup_mdr32f9qx.o
    0x080000c0   0x080000c0   0x00000008   Code   RO         2157  * !!!main             c_w.l(__main.o)
    0x080000c8   0x080000c8   0x00000034   Code   RO         2459    !!!scatter          c_w.l(__scatter.o)
    0x080000fc   0x080000fc   0x0000001a   Code   RO         2461    !!handler_copy      c_w.l(__scatter_copy.o)
    0x08000116   0x08000116   0x00000002   PAD
    0x08000118   0x08000118   0x0000001c   Code   RO         2463    !!handler_zi        c_w.l(__scatter_zi.o)
    0x08000134   0x08000134   0x00000000   Code   RO         2147    .ARM.Collect$$_printf_percent$$00000000  c_w.l(_printf_percent.o)
    0x08000134   0x08000134   0x00000006   Code   RO         2240    .ARM.Collect$$_printf_percent$$00000001  c_w.l(_printf_n.o)
    0x0800013a   0x0800013a   0x00000006   Code   RO         2242    .ARM.Collect$$_printf_percent$$00000002  c_w.l(_printf_p.o)
    0x08000140   0x08000140   0x00000006   Code   RO         2246    .ARM.Collect$$_printf_percent$$00000003  c_w.l(_printf_f.o)
    0x08000146   0x08000146   0x00000006   Code   RO         2247    .ARM.Collect$$_printf_percent$$00000004  c_w.l(_printf_e.o)
    0x0800014c   0x0800014c   0x00000006   Code   RO         2248    .ARM.Collect$$_printf_percent$$00000005  c_w.l(_printf_g.o)
    0x08000152   0x08000152   0x00000006   Code   RO         2249    .ARM.Collect$$_printf_percent$$00000006  c_w.l(_printf_a.o)
    0x08000158   0x08000158   0x0000000a   Code   RO         2253    .ARM.Collect$$_printf_percent$$00000007  c_w.l(_printf_ll.o)
    0x08000162   0x08000162   0x00000006   Code   RO         2244    .ARM.Collect$$_printf_percent$$00000008  c_w.l(_printf_i.o)
    0x08000168   0x08000168   0x00000006   Code   RO         2146    .ARM.Collect$$_printf_percent$$00000009  c_w.l(_printf_d.o)
    0x0800016e   0x0800016e   0x00000006   Code   RO         2245    .ARM.Collect$$_printf_percent$$0000000A  c_w.l(_printf_u.o)
    0x08000174   0x08000174   0x00000006   Code   RO         2243    .ARM.Collect$$_printf_percent$$0000000B  c_w.l(_printf_o.o)
    0x0800017a   0x0800017a   0x00000006   Code   RO         2241    .ARM.Collect$$_printf_percent$$0000000C  c_w.l(_printf_x.o)
    0x08000180   0x08000180   0x00000006   Code   RO         2250    .ARM.Collect$$_printf_percent$$0000000D  c_w.l(_printf_lli.o)
    0x08000186   0x08000186   0x00000006   Code   RO         2251    .ARM.Collect$$_printf_percent$$0000000E  c_w.l(_printf_lld.o)
    0x0800018c   0x0800018c   0x00000006   Code   RO         2252    .ARM.Collect$$_printf_percent$$0000000F  c_w.l(_printf_llu.o)
    0x08000192   0x08000192   0x00000006   Code   RO         2257    .ARM.Collect$$_printf_percent$$00000010  c_w.l(_printf_llo.o)
    0x08000198   0x08000198   0x00000006   Code   RO         2258    .ARM.Collect$$_printf_percent$$00000011  c_w.l(_printf_llx.o)
    0x0800019e   0x0800019e   0x0000000a   Code   RO         2254    .ARM.Collect$$_printf_percent$$00000012  c_w.l(_printf_l.o)
    0x080001a8   0x080001a8   0x00000006   Code   RO         2239    .ARM.Collect$$_printf_percent$$00000013  c_w.l(_printf_c.o)
    0x080001ae   0x080001ae   0x00000006   Code   RO         2145    .ARM.Collect$$_printf_percent$$00000014  c_w.l(_printf_s.o)
    0x080001b4   0x080001b4   0x00000006   Code   RO         2255    .ARM.Collect$$_printf_percent$$00000015  c_w.l(_printf_lc.o)
    0x080001ba   0x080001ba   0x00000006   Code   RO         2256    .ARM.Collect$$_printf_percent$$00000016  c_w.l(_printf_ls.o)
    0x080001c0   0x080001c0   0x00000004   Code   RO         2175    .ARM.Collect$$_printf_percent$$00000017  c_w.l(_printf_percent_end.o)
    0x080001c4   0x080001c4   0x00000002   Code   RO         2339    .ARM.Collect$$libinit$$00000000  c_w.l(libinit.o)
    0x080001c6   0x080001c6   0x00000000   Code   RO         2265    .ARM.Collect$$libinit$$00000002  c_w.l(libinit2.o)
    0x080001c6   0x080001c6   0x00000000   Code   RO         2267    .ARM.Collect$$libinit$$00000004  c_w.l(libinit2.o)
    0x080001c6   0x080001c6   0x00000000   Code   RO         2270    .ARM.Collect$$libinit$$0000000A  c_w.l(libinit2.o)
    0x080001c6   0x080001c6   0x00000000   Code   RO         2272    .ARM.Collect$$libinit$$0000000C  c_w.l(libinit2.o)
    0x080001c6   0x080001c6   0x00000000   Code   RO         2274    .ARM.Collect$$libinit$$0000000E  c_w.l(libinit2.o)
    0x080001c6   0x080001c6   0x00000006   Code   RO         2275    .ARM.Collect$$libinit$$0000000F  c_w.l(libinit2.o)
    0x080001cc   0x080001cc   0x00000000   Code   RO         2277    .ARM.Collect$$libinit$$00000011  c_w.l(libinit2.o)
    0x080001cc   0x080001cc   0x0000000c   Code   RO         2278    .ARM.Collect$$libinit$$00000012  c_w.l(libinit2.o)
    0x080001d8   0x080001d8   0x00000000   Code   RO         2279    .ARM.Collect$$libinit$$00000013  c_w.l(libinit2.o)
    0x080001d8   0x080001d8   0x00000000   Code   RO         2281    .ARM.Collect$$libinit$$00000015  c_w.l(libinit2.o)
    0x080001d8   0x080001d8   0x0000000a   Code   RO         2282    .ARM.Collect$$libinit$$00000016  c_w.l(libinit2.o)
    0x080001e2   0x080001e2   0x00000000   Code   RO         2283    .ARM.Collect$$libinit$$00000017  c_w.l(libinit2.o)
    0x080001e2   0x080001e2   0x0000000a   Code   RO         2284    .ARM.Collect$$libinit$$00000018  c_w.l(libinit2.o)
    0x080001ec   0x080001ec   0x00000000   Code   RO         2285    .ARM.Collect$$libinit$$00000019  c_w.l(libinit2.o)
    0x080001ec   0x080001ec   0x00000000   Code   RO         2287    .ARM.Collect$$libinit$$0000001B  c_w.l(libinit2.o)
    0x080001ec   0x080001ec   0x00000000   Code   RO         2289    .ARM.Collect$$libinit$$0000001D  c_w.l(libinit2.o)
    0x080001ec   0x080001ec   0x00000000   Code   RO         2291    .ARM.Collect$$libinit$$0000001F  c_w.l(libinit2.o)
    0x080001ec   0x080001ec   0x00000000   Code   RO         2293    .ARM.Collect$$libinit$$00000021  c_w.l(libinit2.o)
    0x080001ec   0x080001ec   0x00000000   Code   RO         2295    .ARM.Collect$$libinit$$00000023  c_w.l(libinit2.o)
    0x080001ec   0x080001ec   0x00000000   Code   RO         2297    .ARM.Collect$$libinit$$00000025  c_w.l(libinit2.o)
    0x080001ec   0x080001ec   0x00000000   Code   RO         2301    .ARM.Collect$$libinit$$0000002C  c_w.l(libinit2.o)
    0x080001ec   0x080001ec   0x00000000   Code   RO         2303    .ARM.Collect$$libinit$$0000002E  c_w.l(libinit2.o)
    0x080001ec   0x080001ec   0x00000000   Code   RO         2305    .ARM.Collect$$libinit$$00000030  c_w.l(libinit2.o)
    0x080001ec   0x080001ec   0x00000000   Code   RO         2307    .ARM.Collect$$libinit$$00000032  c_w.l(libinit2.o)
    0x080001ec   0x080001ec   0x00000002   Code   RO         2308    .ARM.Collect$$libinit$$00000033  c_w.l(libinit2.o)
    0x080001ee   0x080001ee   0x00000002   Code   RO         2416    .ARM.Collect$$libshutdown$$00000000  c_w.l(libshutdown.o)
    0x080001f0   0x080001f0   0x00000000   Code   RO         2422    .ARM.Collect$$libshutdown$$00000002  c_w.l(libshutdown2.o)
    0x080001f0   0x080001f0   0x00000000   Code   RO         2424    .ARM.Collect$$libshutdown$$00000004  c_w.l(libshutdown2.o)
    0x080001f0   0x080001f0   0x00000000   Code   RO         2427    .ARM.Collect$$libshutdown$$00000007  c_w.l(libshutdown2.o)
    0x080001f0   0x080001f0   0x00000000   Code   RO         2430    .ARM.Collect$$libshutdown$$0000000A  c_w.l(libshutdown2.o)
    0x080001f0   0x080001f0   0x00000000   Code   RO         2432    .ARM.Collect$$libshutdown$$0000000C  c_w.l(libshutdown2.o)
    0x080001f0   0x080001f0   0x00000000   Code   RO         2435    .ARM.Collect$$libshutdown$$0000000F  c_w.l(libshutdown2.o)
    0x080001f0   0x080001f0   0x00000002   Code   RO         2436    .ARM.Collect$$libshutdown$$00000010  c_w.l(libshutdown2.o)
    0x080001f2   0x080001f2   0x00000000   Code   RO         2159    .ARM.Collect$$rtentry$$00000000  c_w.l(__rtentry.o)
    0x080001f2   0x080001f2   0x00000000   Code   RO         2185    .ARM.Collect$$rtentry$$00000002  c_w.l(__rtentry2.o)
    0x080001f2   0x080001f2   0x00000006   Code   RO         2197    .ARM.Collect$$rtentry$$00000004  c_w.l(__rtentry4.o)
    0x080001f8   0x080001f8   0x00000000   Code   RO         2187    .ARM.Collect$$rtentry$$00000009  c_w.l(__rtentry2.o)
    0x080001f8   0x080001f8   0x00000004   Code   RO         2188    .ARM.Collect$$rtentry$$0000000A  c_w.l(__rtentry2.o)
    0x080001fc   0x080001fc   0x00000000   Code   RO         2190    .ARM.Collect$$rtentry$$0000000C  c_w.l(__rtentry2.o)
    0x080001fc   0x080001fc   0x00000008   Code   RO         2191    .ARM.Collect$$rtentry$$0000000D  c_w.l(__rtentry2.o)
    0x08000204   0x08000204   0x00000002   Code   RO         2342    .ARM.Collect$$rtexit$$00000000  c_w.l(rtexit.o)
    0x08000206   0x08000206   0x00000000   Code   RO         2388    .ARM.Collect$$rtexit$$00000002  c_w.l(rtexit2.o)
    0x08000206   0x08000206   0x00000004   Code   RO         2389    .ARM.Collect$$rtexit$$00000003  c_w.l(rtexit2.o)
    0x0800020a   0x0800020a   0x00000006   Code   RO         2390    .ARM.Collect$$rtexit$$00000004  c_w.l(rtexit2.o)
    0x08000210   0x08000210   0x00000040   Code   RO          290  * .text               startup_mdr32f9qx.o
    0x08000250   0x08000250   0x0000002c   Code   RO         2115    .text               c_w.l(__2sprintf.o)
    0x0800027c   0x0800027c   0x00000052   Code   RO         2121    .text               c_w.l(_printf_str.o)
    0x080002ce   0x080002ce   0x00000002   PAD
    0x080002d0   0x080002d0   0x00000078   Code   RO         2123    .text               c_w.l(_printf_dec.o)
    0x08000348   0x08000348   0x00000188   Code   RO         2142    .text               c_w.l(__printf_flags_ss_wp.o)
    0x080004d0   0x080004d0   0x0000000c   Code   RO         2150    .text               c_w.l(localtime.o)
    0x080004dc   0x080004dc   0x00000360   Code   RO         2153    .text               c_w.l(strftime.o)
    0x0800083c   0x0800083c   0x00000006   Code   RO         2155    .text               c_w.l(heapauxi.o)
    0x08000842   0x08000842   0x00000002   PAD
    0x08000844   0x08000844   0x00000008   Code   RO         2163    .text               c_w.l(rt_locale_intlibspace.o)
    0x0800084c   0x0800084c   0x0000002c   Code   RO         2165    .text               c_w.l(sprintf.o)
    0x08000878   0x08000878   0x000000b2   Code   RO         2167    .text               c_w.l(_printf_intcommon.o)
    0x0800092a   0x0800092a   0x00000002   PAD
    0x0800092c   0x0800092c   0x00000030   Code   RO         2169    .text               c_w.l(_printf_char_common.o)
    0x0800095c   0x0800095c   0x0000000a   Code   RO         2171    .text               c_w.l(_sputc.o)
    0x08000966   0x08000966   0x0000002c   Code   RO         2173    .text               c_w.l(_printf_char.o)
    0x08000992   0x08000992   0x00000002   PAD
    0x08000994   0x08000994   0x000000b8   Code   RO         2179    .text               c_w.l(localtime_internal.o)
    0x08000a4c   0x08000a4c   0x00000008   Code   RO         2181    .text               c_w.l(libspace.o)
    0x08000a54   0x08000a54   0x0000004e   Code   RO         2199    .text               c_w.l(_printf_pad.o)
    0x08000aa2   0x08000aa2   0x00000024   Code   RO         2201    .text               c_w.l(_printf_truncate.o)
    0x08000ac6   0x08000ac6   0x00000028   Code   RO         2203    .text               c_w.l(_printf_charcount.o)
    0x08000aee   0x08000aee   0x00000002   PAD
    0x08000af0   0x08000af0   0x000000bc   Code   RO         2207    .text               c_w.l(_printf_wctomb.o)
    0x08000bac   0x08000bac   0x0000007c   Code   RO         2210    .text               c_w.l(_printf_longlong_dec.o)
    0x08000c28   0x08000c28   0x00000070   Code   RO         2216    .text               c_w.l(_printf_oct_int_ll.o)
    0x08000c98   0x08000c98   0x00000094   Code   RO         2236    .text               c_w.l(_printf_hex_int_ll_ptr.o)
    0x08000d2c   0x08000d2c   0x0000004e   Code   RO         2259    .text               c_w.l(rt_memclr_w.o)
    0x08000d7a   0x08000d7a   0x00000002   PAD
    0x08000d7c   0x08000d7c   0x00000080   Code   RO         2261    .text               c_w.l(strcmpv7m.o)
    0x08000dfc   0x08000dfc   0x0000004a   Code   RO         2317    .text               c_w.l(sys_stackheap_outer.o)
    0x08000e46   0x08000e46   0x0000008a   Code   RO         2319    .text               c_w.l(lludiv10.o)
    0x08000ed0   0x08000ed0   0x0000041e   Code   RO         2321    .text               c_w.l(_printf_fp_dec.o)
    0x080012ee   0x080012ee   0x00000002   PAD
    0x080012f0   0x080012f0   0x000002fc   Code   RO         2323    .text               c_w.l(_printf_fp_hex.o)
    0x080015ec   0x080015ec   0x0000002c   Code   RO         2326    .text               c_w.l(_printf_wchar.o)
    0x08001618   0x08001618   0x00000040   Code   RO         2328    .text               c_w.l(_wcrtomb.o)
    0x08001658   0x08001658   0x00000012   Code   RO         2330    .text               c_w.l(exit.o)
    0x0800166a   0x0800166a   0x00000002   PAD
    0x0800166c   0x0800166c   0x00000010   Code   RO         2344    .text               c_w.l(rt_ctype_table.o)
    0x0800167c   0x0800167c   0x00000080   Code   RO         2346    .text               c_w.l(_printf_fp_infnan.o)
    0x080016fc   0x080016fc   0x000000e4   Code   RO         2348    .text               c_w.l(bigflt0.o)
    0x080017e0   0x080017e0   0x0000000c   Code   RO         2403    .text               c_w.l(sys_exit.o)
    0x080017ec   0x080017ec   0x00000002   Code   RO         2405    .text               c_w.l(use_no_semi.o)
    0x080017ee   0x080017ee   0x00000000   Code   RO         2407    .text               c_w.l(indicate_semi.o)
    0x080017ee   0x080017ee   0x0000003e   Code   RO         2351    CL$$btod_d2e        c_w.l(btod.o)
    0x0800182c   0x0800182c   0x00000046   Code   RO         2353    CL$$btod_d2e_denorm_low  c_w.l(btod.o)
    0x08001872   0x08001872   0x00000060   Code   RO         2352    CL$$btod_d2e_norm_op1  c_w.l(btod.o)
    0x080018d2   0x080018d2   0x00000338   Code   RO         2361    CL$$btod_div_common  c_w.l(btod.o)
    0x08001c0a   0x08001c0a   0x000000dc   Code   RO         2358    CL$$btod_e2e        c_w.l(btod.o)
    0x08001ce6   0x08001ce6   0x0000002a   Code   RO         2355    CL$$btod_ediv       c_w.l(btod.o)
    0x08001d10   0x08001d10   0x0000002a   Code   RO         2354    CL$$btod_emul       c_w.l(btod.o)
    0x08001d3a   0x08001d3a   0x00000244   Code   RO         2360    CL$$btod_mult_common  c_w.l(btod.o)
    0x08001f7e   0x08001f7e   0x00000016   Code   RO            3    i.BACKUP_IRQHandler  main.o
    0x08001f94   0x08001f94   0x0000001c   Code   RO          621    i.BKP_RTC_Calibration  mdr32f9qx_bkp.o
    0x08001fb0   0x08001fb0   0x0000000c   Code   RO          622    i.BKP_RTC_Enable    mdr32f9qx_bkp.o
    0x08001fbc   0x08001fbc   0x0000000c   Code   RO          623    i.BKP_RTC_GetCounter  mdr32f9qx_bkp.o
    0x08001fc8   0x08001fc8   0x00000018   Code   RO          625    i.BKP_RTC_GetFlagStatus  mdr32f9qx_bkp.o
    0x08001fe0   0x08001fe0   0x00000020   Code   RO          626    i.BKP_RTC_ITConfig  mdr32f9qx_bkp.o
    0x08002000   0x08002000   0x0000000c   Code   RO          629    i.BKP_RTC_SetCounter  mdr32f9qx_bkp.o
    0x0800200c   0x0800200c   0x0000000c   Code   RO          630    i.BKP_RTC_SetPrescaler  mdr32f9qx_bkp.o
    0x08002018   0x08002018   0x00000010   Code   RO          631    i.BKP_RTC_WaitForUpdate  mdr32f9qx_bkp.o
    0x08002028   0x08002028   0x00000018   Code   RO          632    i.BKP_RTCclkSource  mdr32f9qx_bkp.o
    0x08002040   0x08002040   0x000001c8   Code   RO         1254    i.PORT_Init         mdr32f9qx_port.o
    0x08002208   0x08002208   0x00000010   Code   RO         1256    i.PORT_ReadInputDataBit  mdr32f9qx_port.o
    0x08002218   0x08002218   0x0000001c   Code   RO         1257    i.PORT_ResetBits    mdr32f9qx_port.o
    0x08002234   0x08002234   0x0000001c   Code   RO         1258    i.PORT_SetBits      mdr32f9qx_port.o
    0x08002250   0x08002250   0x0000001c   Code   RO         1259    i.PORT_StructInit   mdr32f9qx_port.o
    0x0800226c   0x0800226c   0x00000034   Code   RO         1439    i.RST_CLK_GetFlagStatus  mdr32f9qx_rst_clk.o
    0x080022a0   0x080022a0   0x0000003c   Code   RO         1447    i.RST_CLK_LSEconfig  mdr32f9qx_rst_clk.o
    0x080022dc   0x080022dc   0x00000034   Code   RO         1448    i.RST_CLK_LSEstatus  mdr32f9qx_rst_clk.o
    0x08002310   0x08002310   0x00000020   Code   RO         1452    i.RST_CLK_PCLKcmd   mdr32f9qx_rst_clk.o
    0x08002330   0x08002330   0x00000090   Code   RO          296    i.SystemCoreClockUpdate  system_mdr32f9qx.o
    0x080023c0   0x080023c0   0x00000040   Code   RO          297    i.SystemInit        system_mdr32f9qx.o
    0x08002400   0x08002400   0x0000000c   Code   RO            4    i.U_Alarm_Get_DateTime_Stamp  main.o
    0x0800240c   0x0800240c   0x00000010   Code   RO            5    i.U_Alarm_Set_DateTime_Stamp  main.o
    0x0800241c   0x0800241c   0x00000068   Code   RO          237    i.U_LCD_Task_Function  lcd.o
    0x08002484   0x08002484   0x00000018   Code   RO          104    i.U_MLT_Clear_Chip  mlt_lcd.o
    0x0800249c   0x0800249c   0x0000003a   Code   RO          105    i.U_MLT_Clear_Page  mlt_lcd.o
    0x080024d6   0x080024d6   0x00000012   Code   RO          106    i.U_MLT_Delay       mlt_lcd.o
    0x080024e8   0x080024e8   0x000000cc   Code   RO          108    i.U_MLT_Disp_On     mlt_lcd.o
    0x080025b4   0x080025b4   0x00000068   Code   RO          109    i.U_MLT_Init        mlt_lcd.o
    0x0800261c   0x0800261c   0x00000044   Code   RO          110    i.U_MLT_LCD_Init    mlt_lcd.o
    0x08002660   0x08002660   0x0000008c   Code   RO          111    i.U_MLT_Pin_Cfg     mlt_lcd.o
    0x080026ec   0x080026ec   0x00000084   Code   RO          112    i.U_MLT_Put_Char    mlt_lcd.o
    0x08002770   0x08002770   0x0000008c   Code   RO          113    i.U_MLT_Put_Image   mlt_lcd.o
    0x080027fc   0x080027fc   0x00000036   Code   RO          114    i.U_MLT_Put_String  mlt_lcd.o
    0x08002832   0x08002832   0x00000002   PAD
    0x08002834   0x08002834   0x000000c8   Code   RO          116    i.U_MLT_Read_Status  mlt_lcd.o
    0x080028fc   0x080028fc   0x000000d0   Code   RO          118    i.U_MLT_Set_Address  mlt_lcd.o
    0x080029cc   0x080029cc   0x00000044   Code   RO          119    i.U_MLT_Set_Data_Bits  mlt_lcd.o
    0x08002a10   0x08002a10   0x000000d0   Code   RO          120    i.U_MLT_Set_Page    mlt_lcd.o
    0x08002ae0   0x08002ae0   0x000000d0   Code   RO          121    i.U_MLT_Write_Data  mlt_lcd.o
    0x08002bb0   0x08002bb0   0x00000028   Code   RO         2383    i.__ARM_fpclassify  m_ws.l(fpclassify.o)
    0x08002bd8   0x08002bd8   0x0000000e   Code   RO         2135    i._is_digit         c_w.l(__printf_wp.o)
    0x08002be6   0x08002be6   0x00000002   PAD
    0x08002be8   0x08002be8   0x000001cc   Code   RO            6    i.main              main.o
    0x08002db4   0x08002db4   0x0000002c   Code   RO         2177    locale$$code        c_w.l(lc_time_c.o)
    0x08002de0   0x08002de0   0x0000002c   Code   RO         2374    locale$$code        c_w.l(lc_numeric_c.o)
    0x08002e0c   0x08002e0c   0x0000002c   Code   RO         2397    locale$$code        c_w.l(lc_ctype_c.o)
    0x08002e38   0x08002e38   0x00000004   Code   RO         2309    x$fpl$printf1       fz_ws.l(printf1.o)
    0x08002e3c   0x08002e3c   0x00000004   Code   RO         2311    x$fpl$printf2       fz_ws.l(printf2.o)
    0x08002e40   0x08002e40   0x00000000   Code   RO         2382    x$fpl$usenofp       fz_ws.l(usenofp.o)
    0x08002e40   0x08002e40   0x00000720   Data   RO          122    .constdata          mlt_lcd.o
    0x08003560   0x08003560   0x00000011   Data   RO         2143    .constdata          c_w.l(__printf_flags_ss_wp.o)
    0x08003571   0x08003571   0x00000003   PAD
    0x08003574   0x08003574   0x00000008   Data   RO         2208    .constdata          c_w.l(_printf_wctomb.o)
    0x0800357c   0x0800357c   0x00000028   Data   RO         2237    .constdata          c_w.l(_printf_hex_int_ll_ptr.o)
    0x080035a4   0x080035a4   0x0000000c   Data   RO         2263    .constdata          c_w.l(_monlen.o)
    0x080035b0   0x080035b0   0x00000026   Data   RO         2324    .constdata          c_w.l(_printf_fp_hex.o)
    0x080035d6   0x080035d6   0x00000002   PAD
    0x080035d8   0x080035d8   0x00000094   Data   RO         2349    .constdata          c_w.l(bigflt0.o)
    0x0800366c   0x0800366c   0x00000010   Data   RO          123    .conststring        mlt_lcd.o
    0x0800367c   0x0800367c   0x00000020   Data   RO         2457    Region$$Table       anon$$obj.o
    0x0800369c   0x0800369c   0x00000180   Data   RO         2176    locale$$data        c_w.l(lc_time_c.o)
    0x0800381c   0x0800381c   0x0000001c   Data   RO         2373    locale$$data        c_w.l(lc_numeric_c.o)
    0x08003838   0x08003838   0x00000110   Data   RO         2396    locale$$data        c_w.l(lc_ctype_c.o)


    Execution Region ER_RW (Exec base: 0x20000000, Load base: 0x08003948, Size: 0x00000018, Max: 0xffffffff, ABSOLUTE)

    Exec Addr    Load Addr    Size         Type   Attr      Idx    E Section Name        Object

    0x20000000   0x08003948   0x00000010   Data   RW            8    .data               main.o
    0x20000010   0x08003958   0x00000004   Data   RW          124    .data               mlt_lcd.o
    0x20000014   0x0800395c   0x00000004   Data   RW          298    .data               system_mdr32f9qx.o


    Execution Region ER_ZI (Exec base: 0x20000018, Load base: 0x08003960, Size: 0x00000690, Max: 0xffffffff, ABSOLUTE)

    Exec Addr    Load Addr    Size         Type   Attr      Idx    E Section Name        Object

    0x20000018        -       0x0000002c   Zero   RW         2151    .bss                c_w.l(localtime.o)
    0x20000044        -       0x00000060   Zero   RW         2182    .bss                c_w.l(libspace.o)
    0x200000a4   0x08003960   0x00000004   PAD
    0x200000a8        -       0x00000200   Zero   RW          288    HEAP                startup_mdr32f9qx.o
    0x200002a8        -       0x00000400   Zero   RW          287    STACK               startup_mdr32f9qx.o


==============================================================================

Image component sizes


      Code (inc. data)   RO Data    RW Data    ZI Data      Debug   Object Name

       104         24          0          0          0       1070   lcd.o
       510         36          0         16          0      93933   main.o
       172         48          0          0          0       5266   mdr32f9qx_bkp.o
       556         18          0          0          0       4202   mdr32f9qx_port.o
       196         20          0          0          0       5594   mdr32f9qx_rst_clk.o
      1834        130       1840          4          0       9058   mlt_lcd.o
        64         26        192          0       1536        780   startup_mdr32f9qx.o
       208         24          0          4          0       1327   system_mdr32f9qx.o

    ----------------------------------------------------------------------
      3646        326       2064         24       1536     121230   Object Totals
         0          0         32          0          0          0   (incl. Generated)
         2          0          0          0          0          0   (incl. Padding)

    ----------------------------------------------------------------------

      Code (inc. data)   RO Data    RW Data    ZI Data      Debug   Library Member Name

        44          6          0          0          0         84   __2sprintf.o
         8          0          0          0          0         68   __main.o
       392          4         17          0          0         92   __printf_flags_ss_wp.o
        14          0          0          0          0         68   __printf_wp.o
         0          0          0          0          0          0   __rtentry.o
        12          0          0          0          0          0   __rtentry2.o
         6          0          0          0          0          0   __rtentry4.o
        52          8          0          0          0          0   __scatter.o
        26          0          0          0          0          0   __scatter_copy.o
        28          0          0          0          0          0   __scatter_zi.o
         0          0         12          0          0          0   _monlen.o
         6          0          0          0          0          0   _printf_a.o
         6          0          0          0          0          0   _printf_c.o
        44          0          0          0          0        108   _printf_char.o
        48          6          0          0          0         96   _printf_char_common.o
        40          0          0          0          0         68   _printf_charcount.o
         6          0          0          0          0          0   _printf_d.o
       120         16          0          0          0         92   _printf_dec.o
         6          0          0          0          0          0   _printf_e.o
         6          0          0          0          0          0   _printf_f.o
      1054          0          0          0          0        216   _printf_fp_dec.o
       764          8         38          0          0        100   _printf_fp_hex.o
       128         16          0          0          0         84   _printf_fp_infnan.o
         6          0          0          0          0          0   _printf_g.o
       148          4         40          0          0        160   _printf_hex_int_ll_ptr.o
         6          0          0          0          0          0   _printf_i.o
       178          0          0          0          0         88   _printf_intcommon.o
        10          0          0          0          0          0   _printf_l.o
         6          0          0          0          0          0   _printf_lc.o
        10          0          0          0          0          0   _printf_ll.o
         6          0          0          0          0          0   _printf_lld.o
         6          0          0          0          0          0   _printf_lli.o
         6          0          0          0          0          0   _printf_llo.o
         6          0          0          0          0          0   _printf_llu.o
         6          0          0          0          0          0   _printf_llx.o
       124         16          0          0          0         92   _printf_longlong_dec.o
         6          0          0          0          0          0   _printf_ls.o
         6          0          0          0          0          0   _printf_n.o
         6          0          0          0          0          0   _printf_o.o
       112         10          0          0          0        124   _printf_oct_int_ll.o
         6          0          0          0          0          0   _printf_p.o
        78          0          0          0          0        108   _printf_pad.o
         0          0          0          0          0          0   _printf_percent.o
         4          0          0          0          0          0   _printf_percent_end.o
         6          0          0          0          0          0   _printf_s.o
        82          0          0          0          0         80   _printf_str.o
        36          0          0          0          0         84   _printf_truncate.o
         6          0          0          0          0          0   _printf_u.o
        44          0          0          0          0        108   _printf_wchar.o
       188          6          8          0          0         92   _printf_wctomb.o
         6          0          0          0          0          0   _printf_x.o
        10          0          0          0          0         68   _sputc.o
        64          0          0          0          0         92   _wcrtomb.o
       228          4        148          0          0         96   bigflt0.o
      1936        128          0          0          0        672   btod.o
        18          0          0          0          0         80   exit.o
         6          0          0          0          0        152   heapauxi.o
         0          0          0          0          0          0   indicate_semi.o
        44         10        272          0          0         76   lc_ctype_c.o
        44         10         28          0          0         76   lc_numeric_c.o
        44         10        384          0          0         76   lc_time_c.o
         2          0          0          0          0          0   libinit.o
        40          0          0          0          0          0   libinit2.o
         2          0          0          0          0          0   libshutdown.o
         2          0          0          0          0          0   libshutdown2.o
         8          4          0          0         96         68   libspace.o
       138          0          0          0          0         80   lludiv10.o
        12          6          0          0         44         68   localtime.o
       184          6          0          0          0         80   localtime_internal.o
        16          4          0          0          0         76   rt_ctype_table.o
         8          4          0          0          0         68   rt_locale_intlibspace.o
        78          0          0          0          0         80   rt_memclr_w.o
         2          0          0          0          0          0   rtexit.o
        10          0          0          0          0          0   rtexit2.o
        44          6          0          0          0         84   sprintf.o
       128          0          0          0          0         68   strcmpv7m.o
       864        122          0          0          0        184   strftime.o
        12          4          0          0          0         68   sys_exit.o
        74          0          0          0          0         80   sys_stackheap_outer.o
         2          0          0          0          0         68   use_no_semi.o
         4          0          0          0          0         68   printf1.o
         4          0          0          0          0         68   printf2.o
         0          0          0          0          0          0   usenofp.o
        40          0          0          0          0         68   fpclassify.o

    ----------------------------------------------------------------------
      8002        418        952          0        144       4676   Library Totals
        20          0          5          0          4          0   (incl. Padding)

    ----------------------------------------------------------------------

      Code (inc. data)   RO Data    RW Data    ZI Data      Debug   Library Name

      7934        418        947          0        140       4472   c_w.l
         8          0          0          0          0        136   fz_ws.l
        40          0          0          0          0         68   m_ws.l

    ----------------------------------------------------------------------
      8002        418        952          0        144       4676   Library Totals

    ----------------------------------------------------------------------

==============================================================================


      Code (inc. data)   RO Data    RW Data    ZI Data      Debug   

     11648        744       3016         24       1680     121482   Grand Totals
     11648        744       3016         24       1680     121482   ELF Image Totals
     11648        744       3016         24          0          0   ROM Totals

==============================================================================

    Total RO  Size (Code + RO Data)                14664 (  14.32kB)
    Total RW  Size (RW Data + ZI Data)              1704 (   1.66kB)
    Total ROM Size (Code + RO Data + RW Data)      14688 (  14.34kB)

==============================================================================

