<html>
<body>
<pre>
<h1>µVision Build Log</h1>
<h2>Tool Versions:</h2>
IDE-Version: µVision V5.28.0.0
Copyright (C) 2019 ARM Ltd and ARM Germany GmbH. All rights reserved.
License Information: Alexey Polyakov, BMSTU, LIC=----
 
Tool Versions:
Toolchain:       MDK-Lite  Version: 5.28.0.0
Toolchain Path:  C:\Keil_v5\ARM\ARMCC\Bin
C Compiler:      Armcc.exe V5.06 update 6 (build 750)
Assembler:       Armasm.exe V5.06 update 6 (build 750)
Linker/Locator:  ArmLink.exe V5.06 update 6 (build 750)
Library Manager: ArmAr.exe V5.06 update 6 (build 750)
Hex Converter:   FromElf.exe V5.06 update 6 (build 750)
CPU DLL:         SARMCM3.DLL V5.28.0.0
Dialog DLL:      DCM.DLL V1.17.3.0
Target DLL:      Segger\JL2CM3.dll V2.99.36.0
Dialog DLL:      TCM.DLL V1.36.2.0
 
<h2>Project:</h2>
C:\ÃËÎ‡Ì‰\10.ADC DAC COMP\example.uvprojx
Project File Date:  11/20/2019

<h2>Output:</h2>
*** Using Compiler 'V5.06 update 6 (build 750)', folder: 'C:\Keil_v5\ARM\ARMCC\Bin'
Build target 'Target 1'
compiling main.c...
user\main.c(105): warning:  #223-D: function "U_MLT_Clear_Chip" declared implicitly
  	U_MLT_Clear_Chip(1);
user\main.c(118): warning:  #223-D: function "U_LCD_Task_Function" declared implicitly
  				U_LCD_Task_Function(i, comp);
user\main.c(121): warning:  #223-D: function "U_LCD_Task_Function" declared implicitly
  				U_LCD_Task_Function(i, comp);
user\main.c(123): warning:  #513-D: a value of type "uint32_t (*)(void)" cannot be assigned to an entity of type "uint32_t"
  			CompRez = COMP_GetStatus;
user\main.c(128): warning:  #223-D: function "U_MLT_Init" declared implicitly
  				U_MLT_Init();
user\main.c(129): warning:  #223-D: function "U_LCD_Task_Function3" declared implicitly
  				U_LCD_Task_Function3(1);
user\main.c(141): warning:  #223-D: function "U_LCD_Task_Function" declared implicitly
  				U_LCD_Task_Function(i, comp);
user\main.c(144): warning:  #223-D: function "U_LCD_Task_Function" declared implicitly
  				U_LCD_Task_Function(i, comp);
user\main.c(146): warning:  #513-D: a value of type "uint32_t (*)(void)" cannot be assigned to an entity of type "uint32_t"
  			CompRez = COMP_GetStatus;
user\main.c(151): warning:  #223-D: function "U_MLT_Init" declared implicitly
  				U_MLT_Init();
user\main.c(152): warning:  #223-D: function "U_LCD_Task_Function3" declared implicitly
  				U_LCD_Task_Function3(1);
user\main.c(208): warning:  #223-D: function "U_MLT_Clear_Chip" declared implicitly
  	U_MLT_Clear_Chip(0);
user\main.c(217): warning:  #223-D: function "U_LCD_Task_Function2" declared implicitly
  			U_LCD_Task_Function2 (i,res);
user\main.c(219): warning:  #174-D: expression has no effect
  				RESET;
user\main.c(225): warning:  #223-D: function "U_LCD_Task_Function2" declared implicitly
  			U_LCD_Task_Function2 (i,res);
user\main.c(226): warning:  #174-D: expression has no effect
  				RESET;
user\main.c(231): warning:  #951-D: return type of function "main" must be "int"
  void main(void)
user\main.c(239): warning:  #223-D: function "U_MLT_Init" declared implicitly
  	U_MLT_Init();
user\main.c(240): warning:  #223-D: function "U_LCD_Task_Function3" declared implicitly
  	U_LCD_Task_Function3(0);
user\main.c(297): warning:  #1-D: last line of file ends without a newline
  	
user\main.c: 20 warnings, 0 errors
linking...
Program Size: Code=10376 RO-data=2240 RW-data=52 ZI-data=1756  
".\Objects\example.axf" - 0 Error(s), 20 Warning(s).

<h2>Software Packages used:</h2>

Package Vendor: Keil
                http://www.keil.com/pack/Keil.MDR1986BExx.1.5.2.pack
                Keil.MDR1986BExx.1.5.2
                Milandr MDR1986BExx Series Device Support, Drivers and Examples
   * Component: Startup Version: 1.5
   * Component: ADC Version: 1.5
   * Component: COMP Version: 1.5
   * Component: DAC Version: 1.5
   * Component: LIB Version: 1.5
   * Component: PORT Version: 1.5
   * Component: POWER Version: 1.5
   * Component: RST_CLK Version: 1.5
   * Component: SSP Version: 1.5

<h2>Collection of Component include folders:</h2>
  .\RTE\Device\MDR1986BE92
  .\RTE\_Target_1
  C:\Users\Public\Packs\Keil\MDR1986BExx\1.5.2\Libraries\CMSIS\CM3\CoreSupport
  C:\Users\Public\Packs\Keil\MDR1986BExx\1.5.2\Libraries\CMSIS\CM3\DeviceSupport\MDR32F9Qx\inc
  C:\Users\Public\Packs\Keil\MDR1986BExx\1.5.2\Libraries\MDR32F9Qx_StdPeriph_Driver\inc

<h2>Collection of Component Files used:</h2>

   * Component: Keil::Device:Startup:1.5
      Include file:  Libraries\CMSIS\CM3\DeviceSupport\MDR32F9Qx\startup\arm\system_MDR32F9Qx.h
      Source file:   Libraries\CMSIS\CM3\DeviceSupport\MDR32F9Qx\startup\arm\startup_MDR32F9Qx.s
      Include file:  Config\MDR32F9Qx_config.h
      Source file:   Libraries\CMSIS\CM3\DeviceSupport\MDR32F9Qx\startup\arm\system_MDR32F9Qx.c
      Include file:  Libraries\CMSIS\CM3\CoreSupport\core_cm3.h

   * Component: Keil::Drivers:ADC:1.5
      Source file:   Libraries\MDR32F9Qx_StdPeriph_Driver\src\MDR32F9Qx_adc.c
      Include file:  Libraries\MDR32F9Qx_StdPeriph_Driver\inc\MDR32F9Qx_adc.h

   * Component: Keil::Drivers:COMP:1.5
      Include file:  Libraries\MDR32F9Qx_StdPeriph_Driver\inc\MDR32F9Qx_comp.h
      Source file:   Libraries\MDR32F9Qx_StdPeriph_Driver\src\MDR32F9Qx_comp.c

   * Component: Keil::Drivers:DAC:1.5
      Include file:  Libraries\MDR32F9Qx_StdPeriph_Driver\inc\MDR32F9Qx_dac.h
      Source file:   Libraries\MDR32F9Qx_StdPeriph_Driver\src\MDR32F9Qx_dac.c

   * Component: Keil::Drivers:LIB:1.5
      Include file:  Libraries\MDR32F9Qx_StdPeriph_Driver\inc\MDR32F9Qx_lib.h

   * Component: Keil::Drivers:PORT:1.5
      Include file:  Libraries\MDR32F9Qx_StdPeriph_Driver\inc\MDR32F9Qx_port.h
      Source file:   Libraries\MDR32F9Qx_StdPeriph_Driver\src\MDR32F9Qx_port.c

   * Component: Keil::Drivers:POWER:1.5
      Source file:   Libraries\MDR32F9Qx_StdPeriph_Driver\src\MDR32F9Qx_power.c
      Include file:  Libraries\MDR32F9Qx_StdPeriph_Driver\inc\MDR32F9Qx_power.h

   * Component: Keil::Drivers:RST_CLK:1.5
      Include file:  Libraries\MDR32F9Qx_StdPeriph_Driver\inc\MDR32F9Qx_rst_clk.h
      Source file:   Libraries\MDR32F9Qx_StdPeriph_Driver\src\MDR32F9Qx_rst_clk.c

   * Component: Keil::Drivers:SSP:1.5
      Include file:  Libraries\MDR32F9Qx_StdPeriph_Driver\inc\MDR32F9Qx_ssp.h
      Source file:   Libraries\MDR32F9Qx_StdPeriph_Driver\src\MDR32F9Qx_ssp.c
Build Time Elapsed:  00:00:02
</pre>
</body>
</html>
