<html>
<body>
<pre>
<h1>µVision Build Log</h1>
<h2>Tool Versions:</h2>
IDE-Version: µVision V5.28.0.0
Copyright (C) 2019 ARM Ltd and ARM Germany GmbH. All rights reserved.
License Information: Alexey Polyakov, BMSTU, LIC=----
 
Tool Versions:
Toolchain:       MDK-Lite  Version: 5.28.0.0
Toolchain Path:  C:\Keil_v5\ARM\ARMCC\Bin
C Compiler:      Armcc.exe V5.06 update 6 (build 750)
Assembler:       Armasm.exe V5.06 update 6 (build 750)
Linker/Locator:  ArmLink.exe V5.06 update 6 (build 750)
Library Manager: ArmAr.exe V5.06 update 6 (build 750)
Hex Converter:   FromElf.exe V5.06 update 6 (build 750)
CPU DLL:         SARMCM3.DLL V5.28.0.0
Dialog DLL:      DCM.DLL V1.17.3.0
Target DLL:      Segger\JL2CM3.dll V2.99.36.0
Dialog DLL:      TCM.DLL V1.36.2.0
 
<h2>Project:</h2>
C:\ÃËÎ‡Ì‰\8.1 EEPROM RTC\example.uvprojx
Project File Date:  11/23/2019

<h2>Output:</h2>
*** Using Compiler 'V5.06 update 6 (build 750)', folder: 'C:\Keil_v5\ARM\ARMCC\Bin'
Build target 'Target 1'
compiling main.c...
user\main.c(83): warning:  #223-D: function "U_RTC_Get_Last_OFF_DateTime" declared implicitly
  	TimeStamp = U_RTC_Get_Last_OFF_DateTime ();	
user\main.c(101): warning:  #223-D: function "U_RTC_Get_DateTime_String" declared implicitly
      TimeStamp = U_RTC_Get_DateTime_String(current_date, current_time);
user\main.c(108): warning:  #223-D: function "U_RTC_Save_DateTime" declared implicitly
  		U_RTC_Save_DateTime();
user\main.c(48): warning:  #177-D: variable "GPIO_user_ini"  was declared but never referenced
  	PORT_InitTypeDef GPIO_user_ini;
user\main.c(137): warning:  #223-D: function "U_RTC_Set_DateTime_Stamp" declared implicitly
  	U_RTC_Set_DateTime_Stamp(TimeStamp);    
user\main.c(149): warning:  #159-D: declaration is incompatible with previous "U_RTC_Set_DateTime_Stamp"  (declared at line 137)
  void U_RTC_Set_DateTime_Stamp(time_t TimeStamp)
user\main.c(156): warning:  #159-D: declaration is incompatible with previous "U_RTC_Get_DateTime_String"  (declared at line 101)
  time_t U_RTC_Get_DateTime_String(char* dateString, char* timeString)
user\main.c(174): warning:  #159-D: declaration is incompatible with previous "U_RTC_Save_DateTime"  (declared at line 108)
  void U_RTC_Save_DateTime (void)
user\main.c(183): warning:  #159-D: declaration is incompatible with previous "U_RTC_Get_Last_OFF_DateTime"  (declared at line 83)
  time_t U_RTC_Get_Last_OFF_DateTime (void)
user\main.c(195): warning:  #1-D: last line of file ends without a newline
  }
user\main.c: 10 warnings, 0 errors
linking...
Program Size: Code=12540 RO-data=3032 RW-data=8 ZI-data=1852  
".\Objects\example.axf" - 0 Error(s), 10 Warning(s).

<h2>Software Packages used:</h2>

Package Vendor: Keil
                http://www.keil.com/pack/Keil.MDR1986BExx.1.5.2.pack
                Keil.MDR1986BExx.1.5.2
                Milandr MDR1986BExx Series Device Support, Drivers and Examples
   * Component: Startup Version: 1.5
   * Component: BKP Version: 1.5
   * Component: EEPROM Version: 1.5
   * Component: LIB Version: 1.5
   * Component: PORT Version: 1.5
   * Component: POWER Version: 1.5
   * Component: RST_CLK Version: 1.5
   * Component: TIMER Version: 1.5
   * Component: WWDG Version: 1.5

<h2>Collection of Component include folders:</h2>
  .\RTE\Device\MDR1986BE92
  .\RTE\_Target_1
  C:\Users\Public\Packs\Keil\MDR1986BExx\1.5.2\Libraries\CMSIS\CM3\CoreSupport
  C:\Users\Public\Packs\Keil\MDR1986BExx\1.5.2\Libraries\CMSIS\CM3\DeviceSupport\MDR32F9Qx\inc
  C:\Users\Public\Packs\Keil\MDR1986BExx\1.5.2\Libraries\MDR32F9Qx_StdPeriph_Driver\inc

<h2>Collection of Component Files used:</h2>

   * Component: Keil::Device:Startup:1.5
      Include file:  Config\MDR32F9Qx_config.h
      Source file:   Libraries\CMSIS\CM3\DeviceSupport\MDR32F9Qx\startup\arm\startup_MDR32F9Qx.s
      Include file:  Libraries\CMSIS\CM3\DeviceSupport\MDR32F9Qx\startup\arm\system_MDR32F9Qx.h
      Include file:  Libraries\CMSIS\CM3\CoreSupport\core_cm3.h
      Source file:   Libraries\CMSIS\CM3\DeviceSupport\MDR32F9Qx\startup\arm\system_MDR32F9Qx.c

   * Component: Keil::Drivers:BKP:1.5
      Source file:   Libraries\MDR32F9Qx_StdPeriph_Driver\src\MDR32F9Qx_bkp.c
      Include file:  Libraries\MDR32F9Qx_StdPeriph_Driver\inc\MDR32F9Qx_bkp.h

   * Component: Keil::Drivers:EEPROM:1.5
      Source file:   Libraries\MDR32F9Qx_StdPeriph_Driver\src\MDR32F9Qx_eeprom.c
      Include file:  Libraries\MDR32F9Qx_StdPeriph_Driver\inc\MDR32F9Qx_eeprom.h

   * Component: Keil::Drivers:LIB:1.5
      Include file:  Libraries\MDR32F9Qx_StdPeriph_Driver\inc\MDR32F9Qx_lib.h

   * Component: Keil::Drivers:PORT:1.5
      Include file:  Libraries\MDR32F9Qx_StdPeriph_Driver\inc\MDR32F9Qx_port.h
      Source file:   Libraries\MDR32F9Qx_StdPeriph_Driver\src\MDR32F9Qx_port.c

   * Component: Keil::Drivers:POWER:1.5
      Source file:   Libraries\MDR32F9Qx_StdPeriph_Driver\src\MDR32F9Qx_power.c
      Include file:  Libraries\MDR32F9Qx_StdPeriph_Driver\inc\MDR32F9Qx_power.h

   * Component: Keil::Drivers:RST_CLK:1.5
      Source file:   Libraries\MDR32F9Qx_StdPeriph_Driver\src\MDR32F9Qx_rst_clk.c
      Include file:  Libraries\MDR32F9Qx_StdPeriph_Driver\inc\MDR32F9Qx_rst_clk.h

   * Component: Keil::Drivers:TIMER:1.5
      Include file:  Libraries\MDR32F9Qx_StdPeriph_Driver\inc\MDR32F9Qx_timer.h
      Source file:   Libraries\MDR32F9Qx_StdPeriph_Driver\src\MDR32F9Qx_timer.c

   * Component: Keil::Drivers:WWDG:1.5
      Source file:   Libraries\MDR32F9Qx_StdPeriph_Driver\src\MDR32F9Qx_wwdg.c
      Include file:  Libraries\MDR32F9Qx_StdPeriph_Driver\inc\MDR32F9Qx_wwdg.h
Build Time Elapsed:  00:00:02
</pre>
</body>
</html>
